Component: ARM Compiler 5.05 update 1 (build 106) Tool: armlink [4d0efa]

==============================================================================

Section Cross References

    main.o(i.LCD_disp) refers to main.o(i.send_str) for send_str
    main.o(i.main) refers to delay.o(i.delay_init) for delay_init
    main.o(i.main) refers to sys.o(i.NVIC_Configuration) for NVIC_Configuration
    main.o(i.main) refers to usart.o(i.uart1_init) for uart1_init
    main.o(i.main) refers to usart.o(i.uart2_init) for uart2_init
    main.o(i.main) refers to dma.o(i.DMA_USART1_Configuration) for DMA_USART1_Configuration
    main.o(i.main) refers to dma.o(i.DMA_USART2_Configuration) for DMA_USART2_Configuration
    main.o(i.main) refers to dma.o(i.DMA_ADC_Configuration) for DMA_ADC_Configuration
    main.o(i.main) refers to adc.o(i.ADC1_Configuration) for ADC1_Configuration
    main.o(i.main) refers to led.o(i.Init_LEDpin) for Init_LEDpin
    main.o(i.main) refers to delay.o(i.delay_ms) for delay_ms
    main.o(i.main) refers to main.o(i.send) for send
    main.o(i.main) refers to main.o(i.yaogan_fenxi) for yaogan_fenxi
    main.o(i.main) refers to main.o(.data) for buf_clear
    main.o(i.send) refers to stm32f10x_usart.o(i.USART_GetFlagStatus) for USART_GetFlagStatus
    main.o(i.send) refers to stm32f10x_usart.o(i.USART_SendData) for USART_SendData
    main.o(i.send) refers to main.o(.data) for i
    main.o(i.send_str) refers to main.o(i.send) for send
    main.o(i.send_str) refers to strlen.o(.text) for strlen
    main.o(i.yaogan_fenxi) refers to _printf_pad.o(.text) for _printf_pre_padding
    main.o(i.yaogan_fenxi) refers to _printf_percent.o(.ARM.Collect$$_printf_percent$$00000000) for _printf_percent
    main.o(i.yaogan_fenxi) refers to _printf_f.o(.ARM.Collect$$_printf_percent$$00000003) for _printf_f
    main.o(i.yaogan_fenxi) refers to printf1.o(x$fpl$printf1) for _printf_fp_dec
    main.o(i.yaogan_fenxi) refers to _printf_d.o(.ARM.Collect$$_printf_percent$$00000009) for _printf_d
    main.o(i.yaogan_fenxi) refers to _printf_dec.o(.text) for _printf_int_dec
    main.o(i.yaogan_fenxi) refers to f2d.o(x$fpl$f2d) for __aeabi_f2d
    main.o(i.yaogan_fenxi) refers to dmul.o(x$fpl$dmul) for __aeabi_dmul
    main.o(i.yaogan_fenxi) refers to ddiv.o(x$fpl$ddiv) for __aeabi_ddiv
    main.o(i.yaogan_fenxi) refers to d2f.o(x$fpl$d2f) for __aeabi_d2f
    main.o(i.yaogan_fenxi) refers to noretval__2sprintf.o(.text) for __2sprintf
    main.o(i.yaogan_fenxi) refers to main.o(i.send_str) for send_str
    main.o(i.yaogan_fenxi) refers to feqf.o(x$fpl$feqf) for __aeabi_cfcmpeq
    main.o(i.yaogan_fenxi) refers to fleqf.o(x$fpl$fleqf) for __aeabi_cfcmple
    main.o(i.yaogan_fenxi) refers to frleqf.o(x$fpl$frleqf) for __aeabi_cfrcmple
    main.o(i.yaogan_fenxi) refers to daddsub_clz.o(x$fpl$drsb) for __aeabi_drsub
    main.o(i.yaogan_fenxi) refers to faddsub_clz.o(x$fpl$fsub) for __aeabi_fsub
    main.o(i.yaogan_fenxi) refers to dfixu.o(x$fpl$dfixu) for __aeabi_d2uiz
    main.o(i.yaogan_fenxi) refers to daddsub_clz.o(x$fpl$dsub) for __aeabi_dsub
    main.o(i.yaogan_fenxi) refers to adc.o(.bss) for After_filter
    main.o(i.yaogan_fenxi) refers to main.o(.data) for adc_z
    main.o(i.yaogan_fenxi) refers to dma.o(.bss) for Uart1_Send
    main.o(i.yaogan_fenxi) refers to fdiv.o(x$fpl$fdiv) for __aeabi_fdiv
    main.o(i.yaogan_fenxi) refers to fmul.o(x$fpl$fmul) for __aeabi_fmul
    main.o(i.yaogan_fenxi) refers to ffixu.o(x$fpl$ffixu) for __aeabi_f2uiz
    main.o(i.yaogan_fenxi) refers to dma.o(i.Uart1_Start_DMA_Tx) for Uart1_Start_DMA_Tx
    system_stm32f10x.o(i.SetSysClock) refers to system_stm32f10x.o(i.SetSysClockTo72) for SetSysClockTo72
    system_stm32f10x.o(i.SystemCoreClockUpdate) refers to system_stm32f10x.o(.data) for SystemCoreClock
    system_stm32f10x.o(i.SystemInit) refers to system_stm32f10x.o(i.SetSysClock) for SetSysClock
    led.o(i.Init_LEDpin) refers to stm32f10x_rcc.o(i.RCC_APB2PeriphClockCmd) for RCC_APB2PeriphClockCmd
    led.o(i.Init_LEDpin) refers to stm32f10x_gpio.o(i.GPIO_PinRemapConfig) for GPIO_PinRemapConfig
    led.o(i.Init_LEDpin) refers to stm32f10x_gpio.o(i.GPIO_Init) for GPIO_Init
    dma.o(i.DMA1_Channel4_IRQHandler) refers to stm32f10x_dma.o(i.DMA_GetITStatus) for DMA_GetITStatus
    dma.o(i.DMA1_Channel4_IRQHandler) refers to stm32f10x_dma.o(i.DMA_ClearITPendingBit) for DMA_ClearITPendingBit
    dma.o(i.DMA1_Channel4_IRQHandler) refers to stm32f10x_dma.o(i.DMA_Cmd) for DMA_Cmd
    dma.o(i.DMA1_Channel7_IRQHandler) refers to stm32f10x_dma.o(i.DMA_GetITStatus) for DMA_GetITStatus
    dma.o(i.DMA1_Channel7_IRQHandler) refers to stm32f10x_dma.o(i.DMA_ClearITPendingBit) for DMA_ClearITPendingBit
    dma.o(i.DMA1_Channel7_IRQHandler) refers to stm32f10x_dma.o(i.DMA_Cmd) for DMA_Cmd
    dma.o(i.DMA_ADC_Configuration) refers to stm32f10x_dma.o(i.DMA_DeInit) for DMA_DeInit
    dma.o(i.DMA_ADC_Configuration) refers to stm32f10x_dma.o(i.DMA_Init) for DMA_Init
[...]

==============================================================================

Image Symbol Table

    Local Symbols

    Symbol Name                              Value     Ov Type        Size  Object(Section)

    ../clib/angel/boardlib.s                 0x00000000   Number         0  boardinit1.o ABSOLUTE
    ../clib/angel/boardlib.s                 0x00000000   Number         0  boardinit3.o ABSOLUTE
    ../clib/angel/boardlib.s                 0x00000000   Number         0  boardinit2.o ABSOLUTE
    ../clib/angel/boardlib.s                 0x00000000   Number         0  boardshut.o ABSOLUTE
    ../clib/angel/handlers.s                 0x00000000   Number         0  __scatter_copy.o ABSOLUTE
    ../clib/angel/handlers.s                 0x00000000   Number         0  __scatter_zi.o ABSOLUTE
    ../clib/angel/kernel.s                   0x00000000   Number         0  __rtentry2.o ABSOLUTE
    ../clib/angel/kernel.s                   0x00000000   Number         0  __rtentry4.o ABSOLUTE
    ../clib/angel/kernel.s                   0x00000000   Number         0  rtexit2.o ABSOLUTE
    ../clib/angel/kernel.s                   0x00000000   Number         0  __rtentry.o ABSOLUTE
    ../clib/angel/kernel.s                   0x00000000   Number         0  rtexit.o ABSOLUTE
    ../clib/angel/rt.s                       0x00000000   Number         0  rt_raise.o ABSOLUTE
    ../clib/angel/rt.s                       0x00000000   Number         0  rt_locale_intlibspace.o ABSOLUTE
    ../clib/angel/rt.s                       0x00000000   Number         0  rt_locale.o ABSOLUTE
    ../clib/angel/scatter.s                  0x00000000   Number         0  __scatter.o ABSOLUTE
    ../clib/angel/startup.s                  0x00000000   Number         0  __main.o ABSOLUTE
    ../clib/angel/sys.s                      0x00000000   Number         0  use_no_semi.o ABSOLUTE
    ../clib/angel/sys.s                      0x00000000   Number         0  indicate_semi.o ABSOLUTE
    ../clib/angel/sys.s                      0x00000000   Number         0  use_no_semi_2.o ABSOLUTE
    ../clib/angel/sys.s                      0x00000000   Number         0  libspace.o ABSOLUTE
    ../clib/angel/sys.s                      0x00000000   Number         0  sys_stackheap_outer.o ABSOLUTE
    ../clib/angel/sysapp.c                   0x00000000   Number         0  sys_command.o ABSOLUTE
    ../clib/angel/sysapp.c                   0x00000000   Number         0  sys_wrch.o ABSOLUTE
    ../clib/armsys.c                         0x00000000   Number         0  argv_veneer.o ABSOLUTE
    ../clib/armsys.c                         0x00000000   Number         0  _get_argv_nomalloc.o ABSOLUTE
    ../clib/armsys.c                         0x00000000   Number         0  argv_veneer.o ABSOLUTE
    ../clib/armsys.c                         0x00000000   Number         0  no_argv.o ABSOLUTE
    ../clib/bigflt.c                         0x00000000   Number         0  bigflt0.o ABSOLUTE
    ../clib/btod.s                           0x00000000   Number         0  btod.o ABSOLUTE
    ../clib/heapalloc.c                      0x00000000   Number         0  hrguard.o ABSOLUTE
    ../clib/heapaux.c                        0x00000000   Number         0  heapauxi.o ABSOLUTE
    ../clib/libinit.s                        0x00000000   Number         0  libinit.o ABSOLUTE
    ../clib/libinit.s                        0x00000000   Number         0  libinit2.o ABSOLUTE
    ../clib/libinit.s                        0x00000000   Number         0  libshutdown2.o ABSOLUTE
    ../clib/libinit.s                        0x00000000   Number         0  libshutdown.o ABSOLUTE
    ../clib/locale.s                         0x00000000   Number         0  lc_numeric_c.o ABSOLUTE
    ../clib/longlong.s                       0x00000000   Number         0  lludiv10.o ABSOLUTE
    ../clib/memcpset.s                       0x00000000   Number         0  strcmpv7m.o ABSOLUTE
    ../clib/misc.s                           0x00000000   Number         0  printf_stubs.o ABSOLUTE
    ../clib/printf.c                         0x00000000   Number         0  __printf_flags_ss.o ABSOLUTE
    ../clib/printf.c                         0x00000000   Number         0  __printf_ss.o ABSOLUTE
    ../clib/printf.c                         0x00000000   Number         0  __printf_flags.o ABSOLUTE
    ../clib/printf.c                         0x00000000   Number         0  _printf_dec.o ABSOLUTE
    ../clib/printf.c                         0x00000000   Number         0  _printf_pad.o ABSOLUTE
    ../clib/printf.c                         0x00000000   Number         0  __printf.o ABSOLUTE
    ../clib/printf.c                         0x00000000   Number         0  noretval__2sprintf.o ABSOLUTE
    ../clib/printf.c                         0x00000000   Number         0  __2sprintf.o ABSOLUTE
    ../clib/printf.c                         0x00000000   Number         0  _printf_char_common.o ABSOLUTE
    ../clib/printf.c                         0x00000000   Number         0  _printf_fp_infnan.o ABSOLUTE
    ../clib/printf.c                         0x00000000   Number         0  _printf_intcommon.o ABSOLUTE
    ../clib/printf.c                         0x00000000   Number         0  _printf_fp_dec.o ABSOLUTE
    ../clib/printf.c                         0x00000000   Number         0  _sputc.o ABSOLUTE
    ../clib/printf.c                         0x00000000   Number         0  __printf_flags_ss_wp.o ABSOLUTE
    ../clib/printf.c                         0x00000000   Number         0  __printf_ss_wp.o ABSOLUTE
    ../clib/printf.c                         0x00000000   Number         0  __printf_flags_wp.o ABSOLUTE
    ../clib/printf.c                         0x00000000   Number         0  __printf_wp.o ABSOLUTE
    ../clib/printf.c                         0x00000000   Number         0  __printf_nopercent.o ABSOLUTE
    ../clib/printf_percent.s                 0x00000000   Number         0  _printf_percent_end.o ABSOLUTE
    ../clib/printf_percent.s                 0x00000000   Number         0  _printf_percent.o ABSOLUTE
    ../clib/printf_percent.s                 0x00000000   Number         0  _printf_d.o ABSOLUTE
    ../clib/printf_percent.s                 0x00000000   Number         0  _printf_f.o ABSOLUTE
    ../clib/signal.c                         0x00000000   Number         0  defsig_rtred_inner.o ABSOLUTE
    ../clib/signal.c                         0x00000000   Number         0  defsig_stak_inner.o ABSOLUTE
    ../clib/signal.c                         0x00000000   Number         0  defsig_pvfn_inner.o ABSOLUTE
    ../clib/signal.c                         0x00000000   Number         0  defsig_cppl_inner.o ABSOLUTE
    ../clib/signal.c                         0x00000000   Number         0  defsig_rtmem_inner.o ABSOLUTE
    ../clib/signal.c                         0x00000000   Number         0  defsig_segv_inner.o ABSOLUTE
    ../clib/signal.c                         0x00000000   Number         0  defsig_other.o ABSOLUTE
    ../clib/signal.c                         0x00000000   Number         0  __raise.o ABSOLUTE
    ../clib/signal.c                         0x00000000   Number         0  defsig_fpe_inner.o ABSOLUTE
    ../clib/signal.c                         0x00000000   Number         0  defsig_rtmem_formal.o ABSOLUTE
    ../clib/signal.c                         0x00000000   Number         0  defsig_rtmem_outer.o ABSOLUTE
    ../clib/signal.c                         0x00000000   Number         0  defsig_general.o ABSOLUTE
    ../clib/signal.c                         0x00000000   Number         0  defsig_abrt_inner.o ABSOLUTE
    ../clib/signal.c                         0x00000000   Number         0  defsig_exit.o ABSOLUTE
    ../clib/signal.s                         0x00000000   Number         0  defsig.o ABSOLUTE
    ../clib/stdlib.c                         0x00000000   Number         0  exit.o ABSOLUTE
    ../clib/string.c                         0x00000000   Number         0  strlen.o ABSOLUTE
    ../fplib/d2f.s                           0x00000000   Number         0  d2f.o ABSOLUTE
    ../fplib/daddsub.s                       0x00000000   Number         0  daddsub_clz.o ABSOLUTE
    ../fplib/ddiv.s                          0x00000000   Number         0  ddiv.o ABSOLUTE
    ../fplib/dfixu.s                         0x00000000   Number         0  dfixu.o ABSOLUTE
    ../fplib/dmul.s                          0x00000000   Number         0  dmul.o ABSOLUTE
    ../fplib/dnaninf.s                       0x00000000   Number         0  dnaninf.o ABSOLUTE
    ../fplib/dretinf.s                       0x00000000   Number         0  dretinf.o ABSOLUTE
    ../fplib/f2d.s                           0x00000000   Number         0  f2d.o ABSOLUTE
    ../fplib/faddsub.s                       0x00000000   Number         0  faddsub_clz.o ABSOLUTE
    ../fplib/fcmpi.s                         0x00000000   Number         0  fcmpi.o ABSOLUTE
    ../fplib/fdiv.s                          0x00000000   Number         0  fdiv.o ABSOLUTE
    ../fplib/feqf.s                          0x00000000   Number         0  feqf.o ABSOLUTE
    ../fplib/ffixu.s                         0x00000000   Number         0  ffixu.o ABSOLUTE
    ../fplib/fflt.s                          0x00000000   Number         0  fflt_clz.o ABSOLUTE
    ../fplib/fleqf.s                         0x00000000   Number         0  fleqf.o ABSOLUTE
    ../fplib/fmul.s                          0x00000000   Number         0  fmul.o ABSOLUTE
    ../fplib/fnaninf.s                       0x00000000   Number         0  fnaninf.o ABSOLUTE
    ../fplib/fpinit.s                        0x00000000   Number         0  fpinit.o ABSOLUTE
    ../fplib/fretinf.s                       0x00000000   Number         0  fretinf.o ABSOLUTE
    ../fplib/frleqf.s                        0x00000000   Number         0  frleqf.o ABSOLUTE
    ../fplib/istatus.s                       0x00000000   Number         0  istatus.o ABSOLUTE
    ../fplib/printf1.s                       0x00000000   Number         0  printf1.o ABSOLUTE
    ../fplib/usenofp.s                       0x00000000   Number         0  usenofp.o ABSOLUTE
    ../mathlib/fpclassify.c                  0x00000000   Number         0  fpclassify.o ABSOLUTE
    ..\CORE\core_cm3.c                       0x00000000   Number         0  core_cm3.o ABSOLUTE
    ..\CORE\startup_stm32f10x_md.s           0x00000000   Number         0  startup_stm32f10x_md.o ABSOLUTE
    ..\MyCode\adc\adc.c                      0x00000000   Number         0  adc.o ABSOLUTE
    ..\MyCode\dam\dma.c                      0x00000000   Number         0  dma.o ABSOLUTE
    ..\MyCode\led\led.c                      0x00000000   Number         0  led.o ABSOLUTE
    ..\STM32_FWLIB\src\misc.c                0x00000000   Number         0  misc.o ABSOLUTE
    ..\STM32_FWLIB\src\stm32f10x_adc.c       0x00000000   Number         0  stm32f10x_adc.o ABSOLUTE
    ..\STM32_FWLIB\src\stm32f10x_can.c       0x00000000   Number         0  stm32f10x_can.o ABSOLUTE
    ..\STM32_FWLIB\src\stm32f10x_dma.c       0x00000000   Number         0  stm32f10x_dma.o ABSOLUTE
    ..\STM32_FWLIB\src\stm32f10x_gpio.c      0x00000000   Number         0  stm32f10x_gpio.o ABSOLUTE
    ..\STM32_FWLIB\src\stm32f10x_rcc.c       0x00000000   Number         0  stm32f10x_rcc.o ABSOLUTE
    ..\STM32_FWLIB\src\stm32f10x_usart.c     0x00000000   Number         0  stm32f10x_usart.o ABSOLUTE
    ..\SYSTEM\delay\delay.c                  0x00000000   Number         0  delay.o ABSOLUTE
    ..\SYSTEM\sys\sys.c                      0x00000000   Number         0  sys.o ABSOLUTE
    ..\SYSTEM\usart\usart.c                  0x00000000   Number         0  usart.o ABSOLUTE
    ..\\CORE\\core_cm3.c                     0x00000000   Number         0  core_cm3.o ABSOLUTE
    dc.s                                     0x00000000   Number         0  dc.o ABSOLUTE
    main.c                                   0x00000000   Number         0  main.o ABSOLUTE
    stm32f10x_it.c                           0x00000000   Number         0  stm32f10x_it.o ABSOLUTE
    system_stm32f10x.c                       0x00000000   Number         0  system_stm32f10x.o ABSOLUTE
    RESET                                    0x08000000   Section      236  startup_stm32f10x_md.o(RESET)
    !!!main                                  0x080000ec   Section        8  __main.o(!!!main)
    !!!scatter                               0x080000f4   Section       52  __scatter.o(!!!scatter)
    !!handler_copy                           0x08000128   Section       26  __scatter_copy.o(!!handler_copy)
    !!handler_zi                             0x08000144   Section       28  __scatter_zi.o(!!handler_zi)
    .ARM.Collect$$_printf_percent$$00000000  0x08000160   Section        0  _printf_percent.o(.ARM.Collect$$_printf_percent$$00000000)
    .ARM.Collect$$_printf_percent$$00000003  0x08000160   Section        6  _printf_f.o(.ARM.Collect$$_printf_percent$$00000003)
    .ARM.Collect$$_printf_percent$$00000009  0x08000166   Section        6  _printf_d.o(.ARM.Collect$$_printf_percent$$00000009)
    .ARM.Collect$$_printf_percent$$00000017  0x0800016c   Section        4  _printf_percent_end.o(.ARM.Collect$$_printf_percent$$00000017)
    .ARM.Collect$$libinit$$00000000          0x08000170   Section        2  libinit.o(.ARM.Collect$$libinit$$00000000)
    .ARM.Collect$$libinit$$00000002          0x08000172   Section        0  libinit2.o(.ARM.Collect$$libinit$$00000002)
    .ARM.Collect$$libinit$$00000004          0x08000172   Section        0  libinit2.o(.ARM.Collect$$libinit$$00000004)
    .ARM.Collect$$libinit$$0000000A          0x08000172   Section        0  libinit2.o(.ARM.Collect$$libinit$$0000000A)
    .ARM.Collect$$libinit$$0000000C          0x08000172   Section        0  libinit2.o(.ARM.Collect$$libinit$$0000000C)
    .ARM.Collect$$libinit$$0000000E          0x08000172   Section        0  libinit2.o(.ARM.Collect$$libinit$$0000000E)
    .ARM.Collect$$libinit$$0000000F          0x08000172   Section        6  libinit2.o(.ARM.Collect$$libinit$$0000000F)
    .ARM.Collect$$libinit$$00000011          0x08000178   Section        0  libinit2.o(.ARM.Collect$$libinit$$00000011)
    .ARM.Collect$$libinit$$00000013          0x08000178   Section        0  libinit2.o(.ARM.Collect$$libinit$$00000013)
    .ARM.Collect$$libinit$$00000015          0x08000178   Section        0  libinit2.o(.ARM.Collect$$libinit$$00000015)
    .ARM.Collect$$libinit$$00000016          0x08000178   Section       10  libinit2.o(.ARM.Collect$$libinit$$00000016)
    .ARM.Collect$$libinit$$00000017          0x08000182   Section        0  libinit2.o(.ARM.Collect$$libinit$$00000017)
    .ARM.Collect$$libinit$$00000019          0x08000182   Section        0  libinit2.o(.ARM.Collect$$libinit$$00000019)
    .ARM.Collect$$libinit$$0000001B          0x08000182   Section        0  libinit2.o(.ARM.Collect$$libinit$$0000001B)
    .ARM.Collect$$libinit$$0000001D          0x08000182   Section        0  libinit2.o(.ARM.Collect$$libinit$$0000001D)
    .ARM.Collect$$libinit$$0000001F          0x08000182   Section        0  libinit2.o(.ARM.Collect$$libinit$$0000001F)
    .ARM.Collect$$libinit$$00000021          0x08000182   Section        0  libinit2.o(.ARM.Collect$$libinit$$00000021)
    .ARM.Collect$$libinit$$00000023          0x08000182   Section        0  libinit2.o(.ARM.Collect$$libinit$$00000023)
    .ARM.Collect$$libinit$$00000025          0x08000182   Section        0  libinit2.o(.ARM.Collect$$libinit$$00000025)
    .ARM.Collect$$libinit$$0000002C          0x08000182   Section        0  libinit2.o(.ARM.Collect$$libinit$$0000002C)
    .ARM.Collect$$libinit$$0000002E          0x08000182   Section        0  libinit2.o(.ARM.Collect$$libinit$$0000002E)
    .ARM.Collect$$libinit$$00000030          0x08000182   Section        0  libinit2.o(.ARM.Collect$$libinit$$00000030)
    .ARM.Collect$$libinit$$00000032          0x08000182   Section        0  libinit2.o(.ARM.Collect$$libinit$$00000032)
    .ARM.Collect$$libinit$$00000033          0x08000182   Section        2  libinit2.o(.ARM.Collect$$libinit$$00000033)
    .ARM.Collect$$libshutdown$$00000000      0x08000184   Section        2  libshutdown.o(.ARM.Collect$$libshutdown$$00000000)
    .ARM.Collect$$libshutdown$$00000003      0x08000186   Section        0  libshutdown2.o(.ARM.Collect$$libshutdown$$00000003)
    .ARM.Collect$$libshutdown$$00000006      0x08000186   Section        0  libshutdown2.o(.ARM.Collect$$libshutdown$$00000006)
    .ARM.Collect$$libshutdown$$00000009      0x08000186   Section        0  libshutdown2.o(.ARM.Collect$$libshutdown$$00000009)
    .ARM.Collect$$libshutdown$$0000000B      0x08000186   Section        0  libshutdown2.o(.ARM.Collect$$libshutdown$$0000000B)
    .ARM.Collect$$libshutdown$$0000000E      0x08000186   Section        0  libshutdown2.o(.ARM.Collect$$libshutdown$$0000000E)
    .ARM.Collect$$libshutdown$$0000000F      0x08000186   Section        2  libshutdown2.o(.ARM.Collect$$libshutdown$$0000000F)
    .ARM.Collect$$rtentry$$00000000          0x08000188   Section        0  __rtentry.o(.ARM.Collect$$rtentry$$00000000)
    .ARM.Collect$$rtentry$$00000002          0x08000188   Section        0  __rtentry2.o(.ARM.Collect$$rtentry$$00000002)
    .ARM.Collect$$rtentry$$00000004          0x08000188   Section        6  __rtentry4.o(.ARM.Collect$$rtentry$$00000004)
    .ARM.Collect$$rtentry$$00000009          0x0800018e   Section        0  __rtentry2.o(.ARM.Collect$$rtentry$$00000009)
    .ARM.Collect$$rtentry$$0000000A          0x0800018e   Section        4  __rtentry2.o(.ARM.Collect$$rtentry$$0000000A)
    .ARM.Collect$$rtentry$$0000000C          0x08000192   Section        0  __rtentry2.o(.ARM.Collect$$rtentry$$0000000C)
    .ARM.Collect$$rtentry$$0000000D          0x08000192   Section        8  __rtentry2.o(.ARM.Collect$$rtentry$$0000000D)
    .ARM.Collect$$rtexit$$00000000           0x0800019a   Section        2  rtexit.o(.ARM.Collect$$rtexit$$00000000)
    .ARM.Collect$$rtexit$$00000002           0x0800019c   Section        0  rtexit2.o(.ARM.Collect$$rtexit$$00000002)
    .ARM.Collect$$rtexit$$00000003           0x0800019c   Section        4  rtexit2.o(.ARM.Collect$$rtexit$$00000003)
    .ARM.Collect$$rtexit$$00000004           0x080001a0   Section        6  rtexit2.o(.ARM.Collect$$rtexit$$00000004)
    .text                                    0x080001a8   Section       64  startup_stm32f10x_md.o(.text)
    .text                                    0x080001e8   Section        2  use_no_semi_2.o(.text)
    .text                                    0x080001ec   Section        0  noretval__2sprintf.o(.text)
    .text                                    0x08000214   Section        0  _printf_pad.o(.text)
    .text                                    0x08000264   Section        0  _printf_dec.o(.text)
    .text                                    0x080002dc   Section        0  __printf_wp.o(.text)
    .text                                    0x080003ea   Section        0  strlen.o(.text)
    .text                                    0x08000428   Section        0  heapauxi.o(.text)
    .text                                    0x0800042e   Section        2  use_no_semi.o(.text)
    .text                                    0x08000430   Section        0  _printf_intcommon.o(.text)
    .text                                    0x080004e2   Section        0  _printf_fp_dec.o(.text)
    _fp_digits                               0x080004e5   Thumb Code   428  _printf_fp_dec.o(.text)
    .text                                    0x080008fc   Section        0  _printf_char_common.o(.text)
    _printf_input_char                       0x080008fd   Thumb Code    10  _printf_char_common.o(.text)
    .text                                    0x0800092c   Section        0  _sputc.o(.text)
    .text                                    0x08000938   Section        8  rt_locale_intlibspace.o(.text)
    .text                                    0x08000940   Section      138  lludiv10.o(.text)
    .text                                    0x080009cc   Section        0  _printf_fp_infnan.o(.text)
    .text                                    0x08000a4c   Section        0  bigflt0.o(.text)
    .text                                    0x08000b28   Section        8  libspace.o(.text)
    .text                                    0x08000b30   Section       74  sys_stackheap_outer.o(.text)
    .text                                    0x08000b7a   Section        0  exit.o(.text)
    .text                                    0x08000b88   Section      128  strcmpv7m.o(.text)
    CL$$btod_d2e                             0x08000c08   Section       62  btod.o(CL$$btod_d2e)
    CL$$btod_d2e_denorm_low                  0x08000c46   Section       70  btod.o(CL$$btod_d2e_denorm_low)
    CL$$btod_d2e_norm_op1                    0x08000c8c   Section       96  btod.o(CL$$btod_d2e_norm_op1)
    CL$$btod_div_common                      0x08000cec   Section      824  btod.o(CL$$btod_div_common)
    CL$$btod_e2e                             0x08001024   Section      198  btod.o(CL$$btod_e2e)
    CL$$btod_ediv                            0x080010ea   Section       40  btod.o(CL$$btod_ediv)
    CL$$btod_emul                            0x08001112   Section       40  btod.o(CL$$btod_emul)
    CL$$btod_mult_common                     0x0800113a   Section      580  btod.o(CL$$btod_mult_common)
    i.ADC1_Configuration                     0x08001380   Section        0  adc.o(i.ADC1_Configuration)
    i.ADC_Cmd                                0x08001450   Section        0  stm32f10x_adc.o(i.ADC_Cmd)
    i.ADC_DMACmd                             0x08001466   Section        0  stm32f10x_adc.o(i.ADC_DMACmd)
    i.ADC_DeInit                             0x0800147c   Section        0  stm32f10x_adc.o(i.ADC_DeInit)
    i.ADC_GetCalibrationStatus               0x080014d8   Section        0  stm32f10x_adc.o(i.ADC_GetCalibrationStatus)
    i.ADC_GetResetCalibrationStatus          0x080014ec   Section        0  stm32f10x_adc.o(i.ADC_GetResetCalibrationStatus)
    i.ADC_Init                               0x08001500   Section        0  stm32f10x_adc.o(i.ADC_Init)
    i.ADC_RegularChannelConfig               0x08001550   Section        0  stm32f10x_adc.o(i.ADC_RegularChannelConfig)
    i.ADC_ResetCalibration                   0x08001608   Section        0  stm32f10x_adc.o(i.ADC_ResetCalibration)
    i.ADC_SoftwareStartConvCmd               0x08001612   Section        0  stm32f10x_adc.o(i.ADC_SoftwareStartConvCmd)
    i.ADC_StartCalibration                   0x08001628   Section        0  stm32f10x_adc.o(i.ADC_StartCalibration)
    i.ADC_TempSensorVrefintCmd               0x08001634   Section        0  stm32f10x_adc.o(i.ADC_TempSensorVrefintCmd)
    i.BusFault_Handler                       0x08001658   Section        0  stm32f10x_it.o(i.BusFault_Handler)
    i.DMA1_Channel1_IRQHandler               0x0800165c   Section        0  adc.o(i.DMA1_Channel1_IRQHandler)
    i.DMA1_Channel4_IRQHandler               0x08001674   Section        0  dma.o(i.DMA1_Channel4_IRQHandler)
    i.DMA1_Channel7_IRQHandler               0x08001698   Section        0  dma.o(i.DMA1_Channel7_IRQHandler)
    i.DMA_ADC_Configuration                  0x080016bc   Section        0  dma.o(i.DMA_ADC_Configuration)
    i.DMA_ClearITPendingBit                  0x0800171c   Section        0  stm32f10x_dma.o(i.DMA_ClearITPendingBit)
    i.DMA_Cmd                                0x08001738   Section        0  stm32f10x_dma.o(i.DMA_Cmd)
    i.DMA_DeInit                             0x08001750   Section        0  stm32f10x_dma.o(i.DMA_DeInit)
    i.DMA_GetCurrDataCounter                 0x0800189c   Section        0  stm32f10x_dma.o(i.DMA_GetCurrDataCounter)
    i.DMA_GetITStatus                        0x080018a4   Section        0  stm32f10x_dma.o(i.DMA_GetITStatus)
    i.DMA_ITConfig                           0x080018d0   Section        0  stm32f10x_dma.o(i.DMA_ITConfig)
    i.DMA_Init                               0x080018e2   Section        0  stm32f10x_dma.o(i.DMA_Init)
    i.DMA_SetCurrDataCounter                 0x0800191e   Section        0  stm32f10x_dma.o(i.DMA_SetCurrDataCounter)
    i.DMA_USART1_Configuration               0x08001924   Section        0  dma.o(i.DMA_USART1_Configuration)
    i.DMA_USART2_Configuration               0x080019f0   Section        0  dma.o(i.DMA_USART2_Configuration)
    i.DebugMon_Handler                       0x08001ab8   Section        0  stm32f10x_it.o(i.DebugMon_Handler)
    i.GPIO_Init                              0x08001aba   Section        0  stm32f10x_gpio.o(i.GPIO_Init)
    i.GPIO_PinRemapConfig                    0x08001bd0   Section        0  stm32f10x_gpio.o(i.GPIO_PinRemapConfig)
    i.HardFault_Handler                      0x08001c60   Section        0  stm32f10x_it.o(i.HardFault_Handler)
    i.Init_LEDpin                            0x08001c64   Section        0  led.o(i.Init_LEDpin)
    i.MemManage_Handler                      0x08001ce0   Section        0  stm32f10x_it.o(i.MemManage_Handler)
    i.NMI_Handler                            0x08001ce4   Section        0  stm32f10x_it.o(i.NMI_Handler)
    i.NVIC_Configuration                     0x08001ce6   Section        0  sys.o(i.NVIC_Configuration)
    i.NVIC_Init                              0x08001d4c   Section        0  misc.o(i.NVIC_Init)
    i.NVIC_PriorityGroupConfig               0x08001dbc   Section        0  misc.o(i.NVIC_PriorityGroupConfig)
    i.PendSV_Handler                         0x08001dd0   Section        0  stm32f10x_it.o(i.PendSV_Handler)
    i.RCC_ADCCLKConfig                       0x08001dd4   Section        0  stm32f10x_rcc.o(i.RCC_ADCCLKConfig)
    i.RCC_AHBPeriphClockCmd                  0x08001dec   Section        0  stm32f10x_rcc.o(i.RCC_AHBPeriphClockCmd)
    i.RCC_APB1PeriphClockCmd                 0x08001e0c   Section        0  stm32f10x_rcc.o(i.RCC_APB1PeriphClockCmd)
    i.RCC_APB2PeriphClockCmd                 0x08001e2c   Section        0  stm32f10x_rcc.o(i.RCC_APB2PeriphClockCmd)
    i.RCC_APB2PeriphResetCmd                 0x08001e4c   Section        0  stm32f10x_rcc.o(i.RCC_APB2PeriphResetCmd)
    i.RCC_GetClocksFreq                      0x08001e6c   Section        0  stm32f10x_rcc.o(i.RCC_GetClocksFreq)
    i.SVC_Handler                            0x08001f40   Section        0  stm32f10x_it.o(i.SVC_Handler)
    i.SetSysClock                            0x08001f42   Section        0  system_stm32f10x.o(i.SetSysClock)
    SetSysClock                              0x08001f43   Thumb Code     8  system_stm32f10x.o(i.SetSysClock)
    i.SetSysClockTo72                        0x08001f4c   Section        0  system_stm32f10x.o(i.SetSysClockTo72)
    SetSysClockTo72                          0x08001f4d   Thumb Code   214  system_stm32f10x.o(i.SetSysClockTo72)
    i.SysTick_CLKSourceConfig                0x0800202c   Section        0  misc.o(i.SysTick_CLKSourceConfig)
    i.SystemInit                             0x08002054   Section        0  system_stm32f10x.o(i.SystemInit)
    i.USART1_IRQHandler                      0x080020b4   Section        0  usart.o(i.USART1_IRQHandler)
    i.USART2_IRQHandler                      0x08002108   Section        0  usart.o(i.USART2_IRQHandler)
    i.USART_Cmd                              0x0800215c   Section        0  stm32f10x_usart.o(i.USART_Cmd)
    i.USART_DMACmd                           0x08002174   Section        0  stm32f10x_usart.o(i.USART_DMACmd)
    i.USART_GetFlagStatus                    0x08002186   Section        0  stm32f10x_usart.o(i.USART_GetFlagStatus)
    i.USART_GetITStatus                      0x080021a0   Section        0  stm32f10x_usart.o(i.USART_GetITStatus)
    i.USART_ITConfig                         0x080021f4   Section        0  stm32f10x_usart.o(i.USART_ITConfig)
    i.USART_Init                             0x08002240   Section        0  stm32f10x_usart.o(i.USART_Init)
    i.USART_SendData                         0x08002318   Section        0  stm32f10x_usart.o(i.USART_SendData)
    i.Uart1_Start_DMA_Tx                     0x08002320   Section        0  dma.o(i.Uart1_Start_DMA_Tx)
    i.UsageFault_Handler                     0x0800233c   Section        0  stm32f10x_it.o(i.UsageFault_Handler)
    i.__ARM_fpclassify                       0x08002340   Section        0  fpclassify.o(i.__ARM_fpclassify)
    i._is_digit                              0x08002368   Section        0  __printf_wp.o(i._is_digit)
    i._sys_exit                              0x08002376   Section        0  usart.o(i._sys_exit)
    i.delay_init                             0x0800237c   Section        0  delay.o(i.delay_init)
    i.delay_ms                               0x080023c0   Section        0  delay.o(i.delay_ms)
    i.filter                                 0x0800240c   Section        0  adc.o(i.filter)
    i.main                                   0x0800245c   Section        0  main.o(i.main)
    i.send                                   0x080024d4   Section        0  main.o(i.send)
    i.send_str                               0x08002518   Section        0  main.o(i.send_str)
    i.uart1_init                             0x08002574   Section        0  usart.o(i.uart1_init)
    i.uart2_init                             0x0800262c   Section        0  usart.o(i.uart2_init)
    i.yaogan_fenxi                           0x080026d4   Section        0  main.o(i.yaogan_fenxi)
    locale$$code                             0x08002ebc   Section       44  lc_numeric_c.o(locale$$code)
    x$fpl$d2f                                0x08002ee8   Section       98  d2f.o(x$fpl$d2f)
    x$fpl$dadd                               0x08002f4c   Section      336  daddsub_clz.o(x$fpl$dadd)
    _dadd1                                   0x08002f5d   Thumb Code     0  daddsub_clz.o(x$fpl$dadd)
    x$fpl$ddiv                               0x0800309c   Section      688  ddiv.o(x$fpl$ddiv)
    ddiv_entry                               0x080030a3   Thumb Code     0  ddiv.o(x$fpl$ddiv)
    x$fpl$dfixu                              0x0800334c   Section       90  dfixu.o(x$fpl$dfixu)
    x$fpl$dmul                               0x080033a8   Section      340  dmul.o(x$fpl$dmul)
    x$fpl$dnaninf                            0x080034fc   Section      156  dnaninf.o(x$fpl$dnaninf)
    x$fpl$dretinf                            0x08003598   Section       12  dretinf.o(x$fpl$dretinf)
    x$fpl$drsb                               0x080035a4   Section       22  daddsub_clz.o(x$fpl$drsb)
    x$fpl$dsub                               0x080035bc   Section      468  daddsub_clz.o(x$fpl$dsub)
    _dsub1                                   0x080035cd   Thumb Code     0  daddsub_clz.o(x$fpl$dsub)
    x$fpl$f2d                                0x08003790   Section       86  f2d.o(x$fpl$f2d)
    x$fpl$fadd                               0x080037e8   Section      196  faddsub_clz.o(x$fpl$fadd)
    _fadd1                                   0x080037f7   Thumb Code     0  faddsub_clz.o(x$fpl$fadd)
    x$fpl$fcmpinf                            0x080038ac   Section       24  fcmpi.o(x$fpl$fcmpinf)
    x$fpl$fdiv                               0x080038c4   Section      388  fdiv.o(x$fpl$fdiv)
    _fdiv1                                   0x080038c5   Thumb Code     0  fdiv.o(x$fpl$fdiv)
    x$fpl$feqf                               0x08003a48   Section      104  feqf.o(x$fpl$feqf)
    x$fpl$ffixu                              0x08003ab0   Section       62  ffixu.o(x$fpl$ffixu)
    x$fpl$fflt                               0x08003af0   Section       48  fflt_clz.o(x$fpl$fflt)
    x$fpl$fleqf                              0x08003b20   Section      104  fleqf.o(x$fpl$fleqf)
    x$fpl$fmul                               0x08003b88   Section      258  fmul.o(x$fpl$fmul)
    x$fpl$fnaninf                            0x08003c8a   Section      140  fnaninf.o(x$fpl$fnaninf)
    x$fpl$fretinf                            0x08003d16   Section       10  fretinf.o(x$fpl$fretinf)
    x$fpl$frleqf                             0x08003d20   Section       98  frleqf.o(x$fpl$frleqf)
    x$fpl$fsub                               0x08003d84   Section      234  faddsub_clz.o(x$fpl$fsub)
    _fsub1                                   0x08003d93   Thumb Code     0  faddsub_clz.o(x$fpl$fsub)
    x$fpl$printf1                            0x08003e6e   Section        4  printf1.o(x$fpl$printf1)
    x$fpl$usenofp                            0x08003e72   Section        0  usenofp.o(x$fpl$usenofp)
    .constdata                               0x08003e74   Section      148  bigflt0.o(.constdata)
    tenpwrs_x                                0x08003e74   Data          60  bigflt0.o(.constdata)
    tenpwrs_i                                0x08003eb0   Data          64  bigflt0.o(.constdata)
    locale$$data                             0x08003f28   Section       28  lc_numeric_c.o(locale$$data)
    __lcnum_c_name                           0x08003f2c   Data           2  lc_numeric_c.o(locale$$data)
    __lcnum_c_start                          0x08003f34   Data           0  lc_numeric_c.o(locale$$data)
    __lcnum_c_point                          0x08003f40   Data           0  lc_numeric_c.o(locale$$data)
    __lcnum_c_thousands                      0x08003f42   Data           0  lc_numeric_c.o(locale$$data)
    __lcnum_c_grouping                       0x08003f43   Data           0  lc_numeric_c.o(locale$$data)
    __lcnum_c_end                            0x08003f44   Data           0  lc_numeric_c.o(locale$$data)
    .data                                    0x20000000   Section       36  main.o(.data)
    .data                                    0x20000024   Section       20  system_stm32f10x.o(.data)
    .data                                    0x20000038   Section       20  stm32f10x_rcc.o(.data)
    APBAHBPrescTable                         0x20000038   Data          16  stm32f10x_rcc.o(.data)
    ADCPrescTable                            0x20000048   Data           4  stm32f10x_rcc.o(.data)
    .data                                    0x2000004c   Section        4  delay.o(.data)
    fac_us                                   0x2000004c   Data           1  delay.o(.data)
    fac_ms                                   0x2000004e   Data           2  delay.o(.data)
    .data                                    0x20000050   Section       10  usart.o(.data)
    .bss                                     0x2000005c   Section      692  dma.o(.bss)
    .bss                                     0x20000310   Section       12  adc.o(.bss)
    .bss                                     0x2000031c   Section       96  libspace.o(.bss)
    HEAP                                     0x20000380   Section      512  startup_stm32f10x_md.o(HEAP)
    Heap_Mem                                 0x20000380   Data         512  startup_stm32f10x_md.o(HEAP)
    STACK                                    0x20000580   Section     1024  startup_stm32f10x_md.o(STACK)
    Stack_Mem                                0x20000580   Data        1024  startup_stm32f10x_md.o(STACK)
    __initial_sp                             0x20000980   Data           0  startup_stm32f10x_md.o(STACK)

    Global Symbols

    Symbol Name                              Value     Ov Type        Size  Object(Section)

    BuildAttributes$$THM_ISAv4$P$D$K$B$S$PE$A:L22UL41UL21$X:L11$S22US41US21$IEEE1$IW$USESV6$~STKCKD$USESV7$~SHL$OTIME$ROPI$IEEEJ$EBA8$UX$STANDARDLIB$REQ8$PRES8$EABIv2 0x00000000   Number         0  anon$$obj.o ABSOLUTE
    __ARM_use_no_argv                        0x00000000   Number         0  main.o ABSOLUTE
    _printf_flags                            0x00000000   Number         0  printf_stubs.o ABSOLUTE
    _printf_return_value                     0x00000000   Number         0  printf_stubs.o ABSOLUTE
    _printf_sizespec                         0x00000000   Number         0  printf_stubs.o ABSOLUTE
    _printf_widthprec                        0x00000000   Number         0  printf_stubs.o ABSOLUTE
    __ARM_exceptions_init                     - Undefined Weak Reference
    __alloca_initialize                       - Undefined Weak Reference
    __arm_preinit_                            - Undefined Weak Reference
    __cpp_initialize__aeabi_                  - Undefined Weak Reference
    __cxa_finalize                            - Undefined Weak Reference
    __sigvec_lookup                           - Undefined Weak Reference
    _atexit_init                              - Undefined Weak Reference
    _call_atexit_fns                          - Undefined Weak Reference
    _clock_init                               - Undefined Weak Reference
    _fp_trap_init                             - Undefined Weak Reference
    _fp_trap_shutdown                         - Undefined Weak Reference
    _get_lc_collate                           - Undefined Weak Reference
    _get_lc_ctype                             - Undefined Weak Reference
    _get_lc_monetary                          - Undefined Weak Reference
    _get_lc_time                              - Undefined Weak Reference
    _getenv_init                              - Undefined Weak Reference
    _handle_redirection                       - Undefined Weak Reference
    _init_alloc                               - Undefined Weak Reference
    _init_user_alloc                          - Undefined Weak Reference
    _initio                                   - Undefined Weak Reference
    _printf_truncate_signed                   - Undefined Weak Reference
    _printf_truncate_unsigned                 - Undefined Weak Reference
    _rand_init                                - Undefined Weak Reference
    _signal_finish                            - Undefined Weak Reference
    _signal_init                              - Undefined Weak Reference
    _terminate_alloc                          - Undefined Weak Reference
    _terminate_user_alloc                     - Undefined Weak Reference
    _terminateio                              - Undefined Weak Reference
    __Vectors_Size                           0x000000ec   Number         0  startup_stm32f10x_md.o ABSOLUTE
    __Vectors                                0x08000000   Data           4  startup_stm32f10x_md.o(RESET)
    __Vectors_End                            0x080000ec   Data           0  startup_stm32f10x_md.o(RESET)
    __main                                   0x080000ed   Thumb Code     8  __main.o(!!!main)
    __scatterload                            0x080000f5   Thumb Code     0  __scatter.o(!!!scatter)
    __scatterload_rt2                        0x080000f5   Thumb Code    44  __scatter.o(!!!scatter)
    __scatterload_rt2_thumb_only             0x080000f5   Thumb Code     0  __scatter.o(!!!scatter)
    __scatterload_null                       0x08000103   Thumb Code     0  __scatter.o(!!!scatter)
    __scatterload_copy                       0x08000129   Thumb Code    26  __scatter_copy.o(!!handler_copy)
    __scatterload_zeroinit                   0x08000145   Thumb Code    28  __scatter_zi.o(!!handler_zi)
    _printf_f                                0x08000161   Thumb Code     0  _printf_f.o(.ARM.Collect$$_printf_percent$$00000003)
    _printf_percent                          0x08000161   Thumb Code     0  _printf_percent.o(.ARM.Collect$$_printf_percent$$00000000)
    _printf_d                                0x08000167   Thumb Code     0  _printf_d.o(.ARM.Collect$$_printf_percent$$00000009)
    _printf_percent_end                      0x0800016d   Thumb Code     0  _printf_percent_end.o(.ARM.Collect$$_printf_percent$$00000017)
    __rt_lib_init                            0x08000171   Thumb Code     0  libinit.o(.ARM.Collect$$libinit$$00000000)
    __rt_lib_init_fp_1                       0x08000173   Thumb Code     0  libinit2.o(.ARM.Collect$$libinit$$00000002)
    __rt_lib_init_heap_1                     0x08000173   Thumb Code     0  libinit2.o(.ARM.Collect$$libinit$$0000000A)
    __rt_lib_init_lc_common                  0x08000173   Thumb Code     0  libinit2.o(.ARM.Collect$$libinit$$0000000F)
    __rt_lib_init_preinit_1                  0x08000173   Thumb Code     0  libinit2.o(.ARM.Collect$$libinit$$00000004)
    __rt_lib_init_rand_1                     0x08000173   Thumb Code     0  libinit2.o(.ARM.Collect$$libinit$$0000000E)
    __rt_lib_init_user_alloc_1               0x08000173   Thumb Code     0  libinit2.o(.ARM.Collect$$libinit$$0000000C)
    __rt_lib_init_lc_collate_1               0x08000179   Thumb Code     0  libinit2.o(.ARM.Collect$$libinit$$00000011)
    __rt_lib_init_lc_ctype_1                 0x08000179   Thumb Code     0  libinit2.o(.ARM.Collect$$libinit$$00000013)
    __rt_lib_init_lc_monetary_1              0x08000179   Thumb Code     0  libinit2.o(.ARM.Collect$$libinit$$00000015)
    __rt_lib_init_lc_numeric_2               0x08000179   Thumb Code     0  libinit2.o(.ARM.Collect$$libinit$$00000016)
    __rt_lib_init_alloca_1                   0x08000183   Thumb Code     0  libinit2.o(.ARM.Collect$$libinit$$0000002E)
    __rt_lib_init_argv_1                     0x08000183   Thumb Code     0  libinit2.o(.ARM.Collect$$libinit$$0000002C)
    __rt_lib_init_atexit_1                   0x08000183   Thumb Code     0  libinit2.o(.ARM.Collect$$libinit$$0000001B)
    __rt_lib_init_clock_1                    0x08000183   Thumb Code     0  libinit2.o(.ARM.Collect$$libinit$$00000021)
    __rt_lib_init_cpp_1                      0x08000183   Thumb Code     0  libinit2.o(.ARM.Collect$$libinit$$00000032)
    __rt_lib_init_exceptions_1               0x08000183   Thumb Code     0  libinit2.o(.ARM.Collect$$libinit$$00000030)
    __rt_lib_init_fp_trap_1                  0x08000183   Thumb Code     0  libinit2.o(.ARM.Collect$$libinit$$0000001F)
    __rt_lib_init_getenv_1                   0x08000183   Thumb Code     0  libinit2.o(.ARM.Collect$$libinit$$00000023)
    __rt_lib_init_lc_numeric_1               0x08000183   Thumb Code     0  libinit2.o(.ARM.Collect$$libinit$$00000017)
    __rt_lib_init_lc_time_1                  0x08000183   Thumb Code     0  libinit2.o(.ARM.Collect$$libinit$$00000019)
    __rt_lib_init_return                     0x08000183   Thumb Code     0  libinit2.o(.ARM.Collect$$libinit$$00000033)
    __rt_lib_init_signal_1                   0x08000183   Thumb Code     0  libinit2.o(.ARM.Collect$$libinit$$0000001D)
    __rt_lib_init_stdio_1                    0x08000183   Thumb Code     0  libinit2.o(.ARM.Collect$$libinit$$00000025)
    __rt_lib_shutdown                        0x08000185   Thumb Code     0  libshutdown.o(.ARM.Collect$$libshutdown$$00000000)
    __rt_lib_shutdown_fp_trap_1              0x08000187   Thumb Code     0  libshutdown2.o(.ARM.Collect$$libshutdown$$00000006)
    __rt_lib_shutdown_heap_1                 0x08000187   Thumb Code     0  libshutdown2.o(.ARM.Collect$$libshutdown$$0000000E)
    __rt_lib_shutdown_return                 0x08000187   Thumb Code     0  libshutdown2.o(.ARM.Collect$$libshutdown$$0000000F)
    __rt_lib_shutdown_signal_1               0x08000187   Thumb Code     0  libshutdown2.o(.ARM.Collect$$libshutdown$$00000009)
    __rt_lib_shutdown_stdio_1                0x08000187   Thumb Code     0  libshutdown2.o(.ARM.Collect$$libshutdown$$00000003)
    __rt_lib_shutdown_user_alloc_1           0x08000187   Thumb Code     0  libshutdown2.o(.ARM.Collect$$libshutdown$$0000000B)
    __rt_entry                               0x08000189   Thumb Code     0  __rtentry.o(.ARM.Collect$$rtentry$$00000000)
    __rt_entry_presh_1                       0x08000189   Thumb Code     0  __rtentry2.o(.ARM.Collect$$rtentry$$00000002)
    __rt_entry_sh                            0x08000189   Thumb Code     0  __rtentry4.o(.ARM.Collect$$rtentry$$00000004)
    __rt_entry_li                            0x0800018f   Thumb Code     0  __rtentry2.o(.ARM.Collect$$rtentry$$0000000A)
    __rt_entry_postsh_1                      0x0800018f   Thumb Code     0  __rtentry2.o(.ARM.Collect$$rtentry$$00000009)
    __rt_entry_main                          0x08000193   Thumb Code     0  __rtentry2.o(.ARM.Collect$$rtentry$$0000000D)
    __rt_entry_postli_1                      0x08000193   Thumb Code     0  __rtentry2.o(.ARM.Collect$$rtentry$$0000000C)
    __rt_exit                                0x0800019b   Thumb Code     0  rtexit.o(.ARM.Collect$$rtexit$$00000000)
    __rt_exit_ls                             0x0800019d   Thumb Code     0  rtexit2.o(.ARM.Collect$$rtexit$$00000003)
    __rt_exit_prels_1                        0x0800019d   Thumb Code     0  rtexit2.o(.ARM.Collect$$rtexit$$00000002)
    __rt_exit_exit                           0x080001a1   Thumb Code     0  rtexit2.o(.ARM.Collect$$rtexit$$00000004)
    Reset_Handler                            0x080001a9   Thumb Code     8  startup_stm32f10x_md.o(.text)
    SysTick_Handler                          0x080001c1   Thumb Code     2  startup_stm32f10x_md.o(.text)
    ADC1_2_IRQHandler                        0x080001c3   Thumb Code     0  startup_stm32f10x_md.o(.text)
    CAN1_RX1_IRQHandler                      0x080001c3   Thumb Code     0  startup_stm32f10x_md.o(.text)
    CAN1_SCE_IRQHandler                      0x080001c3   Thumb Code     0  startup_stm32f10x_md.o(.text)
    DMA1_Channel2_IRQHandler                 0x080001c3   Thumb Code     0  startup_stm32f10x_md.o(.text)
    DMA1_Channel3_IRQHandler                 0x080001c3   Thumb Code     0  startup_stm32f10x_md.o(.text)
    DMA1_Channel5_IRQHandler                 0x080001c3   Thumb Code     0  startup_stm32f10x_md.o(.text)
    DMA1_Channel6_IRQHandler                 0x080001c3   Thumb Code     0  startup_stm32f10x_md.o(.text)
    EXTI0_IRQHandler                         0x080001c3   Thumb Code     0  startup_stm32f10x_md.o(.text)
    EXTI15_10_IRQHandler                     0x080001c3   Thumb Code     0  startup_stm32f10x_md.o(.text)
    EXTI1_IRQHandler                         0x080001c3   Thumb Code     0  startup_stm32f10x_md.o(.text)
    EXTI2_IRQHandler                         0x080001c3   Thumb Code     0  startup_stm32f10x_md.o(.text)
    EXTI3_IRQHandler                         0x080001c3   Thumb Code     0  startup_stm32f10x_md.o(.text)
    EXTI4_IRQHandler                         0x080001c3   Thumb Code     0  startup_stm32f10x_md.o(.text)
    EXTI9_5_IRQHandler                       0x080001c3   Thumb Code     0  startup_stm32f10x_md.o(.text)
    FLASH_IRQHandler                         0x080001c3   Thumb Code     0  startup_stm32f10x_md.o(.text)
    I2C1_ER_IRQHandler                       0x080001c3   Thumb Code     0  startup_stm32f10x_md.o(.text)
    I2C1_EV_IRQHandler                       0x080001c3   Thumb Code     0  startup_stm32f10x_md.o(.text)
    I2C2_ER_IRQHandler                       0x080001c3   Thumb Code     0  startup_stm32f10x_md.o(.text)
    I2C2_EV_IRQHandler                       0x080001c3   Thumb Code     0  startup_stm32f10x_md.o(.text)
    PVD_IRQHandler                           0x080001c3   Thumb Code     0  startup_stm32f10x_md.o(.text)
    RCC_IRQHandler                           0x080001c3   Thumb Code     0  startup_stm32f10x_md.o(.text)
    RTCAlarm_IRQHandler                      0x080001c3   Thumb Code     0  startup_stm32f10x_md.o(.text)
    RTC_IRQHandler                           0x080001c3   Thumb Code     0  startup_stm32f10x_md.o(.text)
    SPI1_IRQHandler                          0x080001c3   Thumb Code     0  startup_stm32f10x_md.o(.text)
    SPI2_IRQHandler                          0x080001c3   Thumb Code     0  startup_stm32f10x_md.o(.text)
    TAMPER_IRQHandler                        0x080001c3   Thumb Code     0  startup_stm32f10x_md.o(.text)
    TIM1_BRK_IRQHandler                      0x080001c3   Thumb Code     0  startup_stm32f10x_md.o(.text)
    TIM1_CC_IRQHandler                       0x080001c3   Thumb Code     0  startup_stm32f10x_md.o(.text)
    TIM1_TRG_COM_IRQHandler                  0x080001c3   Thumb Code     0  startup_stm32f10x_md.o(.text)
    TIM1_UP_IRQHandler                       0x080001c3   Thumb Code     0  startup_stm32f10x_md.o(.text)
    TIM2_IRQHandler                          0x080001c3   Thumb Code     0  startup_stm32f10x_md.o(.text)
    TIM3_IRQHandler                          0x080001c3   Thumb Code     0  startup_stm32f10x_md.o(.text)
    TIM4_IRQHandler                          0x080001c3   Thumb Code     0  startup_stm32f10x_md.o(.text)
    USART3_IRQHandler                        0x080001c3   Thumb Code     0  startup_stm32f10x_md.o(.text)
    USBWakeUp_IRQHandler                     0x080001c3   Thumb Code     0  startup_stm32f10x_md.o(.text)
    USB_HP_CAN1_TX_IRQHandler                0x080001c3   Thumb Code     0  startup_stm32f10x_md.o(.text)
    USB_LP_CAN1_RX0_IRQHandler               0x080001c3   Thumb Code     0  startup_stm32f10x_md.o(.text)
    WWDG_IRQHandler                          0x080001c3   Thumb Code     0  startup_stm32f10x_md.o(.text)
    __user_initial_stackheap                 0x080001c5   Thumb Code     0  startup_stm32f10x_md.o(.text)
    __use_no_semihosting                     0x080001e9   Thumb Code     2  use_no_semi_2.o(.text)
    __2sprintf                               0x080001ed   Thumb Code    34  noretval__2sprintf.o(.text)
    _printf_pre_padding                      0x08000215   Thumb Code    44  _printf_pad.o(.text)
    _printf_post_padding                     0x08000241   Thumb Code    34  _printf_pad.o(.text)
    _printf_int_dec                          0x08000265   Thumb Code   104  _printf_dec.o(.text)
    __printf                                 0x080002dd   Thumb Code   270  __printf_wp.o(.text)
    strlen                                   0x080003eb   Thumb Code    62  strlen.o(.text)
    __use_two_region_memory                  0x08000429   Thumb Code     2  heapauxi.o(.text)
    __rt_heap_escrow$2region                 0x0800042b   Thumb Code     2  heapauxi.o(.text)
    __rt_heap_expand$2region                 0x0800042d   Thumb Code     2  heapauxi.o(.text)
    __I$use$semihosting                      0x0800042f   Thumb Code     0  use_no_semi.o(.text)
    __use_no_semihosting_swi                 0x0800042f   Thumb Code     2  use_no_semi.o(.text)
    _printf_int_common                       0x08000431   Thumb Code   178  _printf_intcommon.o(.text)
    __lib_sel_fp_printf                      0x080004e3   Thumb Code     2  _printf_fp_dec.o(.text)
    _printf_fp_dec_real                      0x08000691   Thumb Code   620  _printf_fp_dec.o(.text)
    _printf_char_common                      0x08000907   Thumb Code    32  _printf_char_common.o(.text)
    _sputc                                   0x0800092d   Thumb Code    10  _sputc.o(.text)
    __rt_locale                              0x08000939   Thumb Code     8  rt_locale_intlibspace.o(.text)
    _ll_udiv10                               0x08000941   Thumb Code   138  lludiv10.o(.text)
    _printf_fp_infnan                        0x080009cd   Thumb Code   112  _printf_fp_infnan.o(.text)
    _btod_etento                             0x08000a4d   Thumb Code   216  bigflt0.o(.text)
    __user_libspace                          0x08000b29   Thumb Code     8  libspace.o(.text)
    __user_perproc_libspace                  0x08000b29   Thumb Code     0  libspace.o(.text)
    __user_perthread_libspace                0x08000b29   Thumb Code     0  libspace.o(.text)
    __user_setup_stackheap                   0x08000b31   Thumb Code    74  sys_stackheap_outer.o(.text)
    exit                                     0x08000b7b   Thumb Code    12  exit.o(.text)
    strcmp                                   0x08000b89   Thumb Code   128  strcmpv7m.o(.text)
    _btod_d2e                                0x08000c09   Thumb Code    62  btod.o(CL$$btod_d2e)
    _d2e_denorm_low                          0x08000c47   Thumb Code    70  btod.o(CL$$btod_d2e_denorm_low)
    _d2e_norm_op1                            0x08000c8d   Thumb Code    96  btod.o(CL$$btod_d2e_norm_op1)
    __btod_div_common                        0x08000ced   Thumb Code   696  btod.o(CL$$btod_div_common)
    _e2e                                     0x08001025   Thumb Code   198  btod.o(CL$$btod_e2e)
    _btod_ediv                               0x080010eb   Thumb Code    40  btod.o(CL$$btod_ediv)
    _btod_emul                               0x08001113   Thumb Code    40  btod.o(CL$$btod_emul)
    __btod_mult_common                       0x0800113b   Thumb Code   580  btod.o(CL$$btod_mult_common)
    ADC1_Configuration                       0x08001381   Thumb Code   200  adc.o(i.ADC1_Configuration)
    ADC_Cmd                                  0x08001451   Thumb Code    22  stm32f10x_adc.o(i.ADC_Cmd)
    ADC_DMACmd                               0x08001467   Thumb Code    22  stm32f10x_adc.o(i.ADC_DMACmd)
    ADC_DeInit                               0x0800147d   Thumb Code    78  stm32f10x_adc.o(i.ADC_DeInit)
    ADC_GetCalibrationStatus                 0x080014d9   Thumb Code    20  stm32f10x_adc.o(i.ADC_GetCalibrationStatus)
    ADC_GetResetCalibrationStatus            0x080014ed   Thumb Code    20  stm32f10x_adc.o(i.ADC_GetResetCalibrationStatus)
    ADC_Init                                 0x08001501   Thumb Code    70  stm32f10x_adc.o(i.ADC_Init)
    ADC_RegularChannelConfig                 0x08001551   Thumb Code   184  stm32f10x_adc.o(i.ADC_RegularChannelConfig)
    ADC_ResetCalibration                     0x08001609   Thumb Code    10  stm32f10x_adc.o(i.ADC_ResetCalibration)
    ADC_SoftwareStartConvCmd                 0x08001613   Thumb Code    22  stm32f10x_adc.o(i.ADC_SoftwareStartConvCmd)
    ADC_StartCalibration                     0x08001629   Thumb Code    10  stm32f10x_adc.o(i.ADC_StartCalibration)
    ADC_TempSensorVrefintCmd                 0x08001635   Thumb Code    30  stm32f10x_adc.o(i.ADC_TempSensorVrefintCmd)
    BusFault_Handler                         0x08001659   Thumb Code     4  stm32f10x_it.o(i.BusFault_Handler)
    DMA1_Channel1_IRQHandler                 0x0800165d   Thumb Code    22  adc.o(i.DMA1_Channel1_IRQHandler)
    DMA1_Channel4_IRQHandler                 0x08001675   Thumb Code    30  dma.o(i.DMA1_Channel4_IRQHandler)
    DMA1_Channel7_IRQHandler                 0x08001699   Thumb Code    30  dma.o(i.DMA1_Channel7_IRQHandler)
    DMA_ADC_Configuration                    0x080016bd   Thumb Code    84  dma.o(i.DMA_ADC_Configuration)
    DMA_ClearITPendingBit                    0x0800171d   Thumb Code    18  stm32f10x_dma.o(i.DMA_ClearITPendingBit)
    DMA_Cmd                                  0x08001739   Thumb Code    24  stm32f10x_dma.o(i.DMA_Cmd)
    DMA_DeInit                               0x08001751   Thumb Code   324  stm32f10x_dma.o(i.DMA_DeInit)
    DMA_GetCurrDataCounter                   0x0800189d   Thumb Code     8  stm32f10x_dma.o(i.DMA_GetCurrDataCounter)
    DMA_GetITStatus                          0x080018a5   Thumb Code    36  stm32f10x_dma.o(i.DMA_GetITStatus)
    DMA_ITConfig                             0x080018d1   Thumb Code    18  stm32f10x_dma.o(i.DMA_ITConfig)
    DMA_Init                                 0x080018e3   Thumb Code    60  stm32f10x_dma.o(i.DMA_Init)
    DMA_SetCurrDataCounter                   0x0800191f   Thumb Code     4  stm32f10x_dma.o(i.DMA_SetCurrDataCounter)
    DMA_USART1_Configuration                 0x08001925   Thumb Code   186  dma.o(i.DMA_USART1_Configuration)
    DMA_USART2_Configuration                 0x080019f1   Thumb Code   184  dma.o(i.DMA_USART2_Configuration)
    DebugMon_Handler                         0x08001ab9   Thumb Code     2  stm32f10x_it.o(i.DebugMon_Handler)
    GPIO_Init                                0x08001abb   Thumb Code   278  stm32f10x_gpio.o(i.GPIO_Init)
    GPIO_PinRemapConfig                      0x08001bd1   Thumb Code   138  stm32f10x_gpio.o(i.GPIO_PinRemapConfig)
    HardFault_Handler                        0x08001c61   Thumb Code     4  stm32f10x_it.o(i.HardFault_Handler)
    Init_LEDpin                              0x08001c65   Thumb Code   112  led.o(i.Init_LEDpin)
    MemManage_Handler                        0x08001ce1   Thumb Code     4  stm32f10x_it.o(i.MemManage_Handler)
    NMI_Handler                              0x08001ce5   Thumb Code     2  stm32f10x_it.o(i.NMI_Handler)
    NVIC_Configuration                       0x08001ce7   Thumb Code   100  sys.o(i.NVIC_Configuration)
    NVIC_Init                                0x08001d4d   Thumb Code   100  misc.o(i.NVIC_Init)
    NVIC_PriorityGroupConfig                 0x08001dbd   Thumb Code    10  misc.o(i.NVIC_PriorityGroupConfig)
    PendSV_Handler                           0x08001dd1   Thumb Code     2  stm32f10x_it.o(i.PendSV_Handler)
    RCC_ADCCLKConfig                         0x08001dd5   Thumb Code    18  stm32f10x_rcc.o(i.RCC_ADCCLKConfig)
    RCC_AHBPeriphClockCmd                    0x08001ded   Thumb Code    26  stm32f10x_rcc.o(i.RCC_AHBPeriphClockCmd)
    RCC_APB1PeriphClockCmd                   0x08001e0d   Thumb Code    26  stm32f10x_rcc.o(i.RCC_APB1PeriphClockCmd)
    RCC_APB2PeriphClockCmd                   0x08001e2d   Thumb Code    26  stm32f10x_rcc.o(i.RCC_APB2PeriphClockCmd)
    RCC_APB2PeriphResetCmd                   0x08001e4d   Thumb Code    26  stm32f10x_rcc.o(i.RCC_APB2PeriphResetCmd)
    RCC_GetClocksFreq                        0x08001e6d   Thumb Code   192  stm32f10x_rcc.o(i.RCC_GetClocksFreq)
    SVC_Handler                              0x08001f41   Thumb Code     2  stm32f10x_it.o(i.SVC_Handler)
    SysTick_CLKSourceConfig                  0x0800202d   Thumb Code    40  misc.o(i.SysTick_CLKSourceConfig)
    SystemInit                               0x08002055   Thumb Code    78  system_stm32f10x.o(i.SystemInit)
    USART1_IRQHandler                        0x080020b5   Thumb Code    70  usart.o(i.USART1_IRQHandler)
    USART2_IRQHandler                        0x08002109   Thumb Code    70  usart.o(i.USART2_IRQHandler)
    USART_Cmd                                0x0800215d   Thumb Code    24  stm32f10x_usart.o(i.USART_Cmd)
    USART_DMACmd                             0x08002175   Thumb Code    18  stm32f10x_usart.o(i.USART_DMACmd)
    USART_GetFlagStatus                      0x08002187   Thumb Code    26  stm32f10x_usart.o(i.USART_GetFlagStatus)
    USART_GetITStatus                        0x080021a1   Thumb Code    84  stm32f10x_usart.o(i.USART_GetITStatus)
    USART_ITConfig                           0x080021f5   Thumb Code    74  stm32f10x_usart.o(i.USART_ITConfig)
    USART_Init                               0x08002241   Thumb Code   210  stm32f10x_usart.o(i.USART_Init)
    USART_SendData                           0x08002319   Thumb Code     8  stm32f10x_usart.o(i.USART_SendData)
    Uart1_Start_DMA_Tx                       0x08002321   Thumb Code    22  dma.o(i.Uart1_Start_DMA_Tx)
    UsageFault_Handler                       0x0800233d   Thumb Code     4  stm32f10x_it.o(i.UsageFault_Handler)
    __ARM_fpclassify                         0x08002341   Thumb Code    40  fpclassify.o(i.__ARM_fpclassify)
    _is_digit                                0x08002369   Thumb Code    14  __printf_wp.o(i._is_digit)
    _sys_exit                                0x08002377   Thumb Code     6  usart.o(i._sys_exit)
    delay_init                               0x0800237d   Thumb Code    50  delay.o(i.delay_init)
    delay_ms                                 0x080023c1   Thumb Code    72  delay.o(i.delay_ms)
    filter                                   0x0800240d   Thumb Code    70  adc.o(i.filter)
    main                                     0x0800245d   Thumb Code   108  main.o(i.main)
    send                                     0x080024d5   Thumb Code    60  main.o(i.send)
    send_str                                 0x08002519   Thumb Code    80  main.o(i.send_str)
    uart1_init                               0x08002575   Thumb Code   176  usart.o(i.uart1_init)
    uart2_init                               0x0800262d   Thumb Code   160  usart.o(i.uart2_init)
    yaogan_fenxi                             0x080026d5   Thumb Code  1890  main.o(i.yaogan_fenxi)
    _get_lc_numeric                          0x08002ebd   Thumb Code    44  lc_numeric_c.o(locale$$code)
    __aeabi_d2f                              0x08002ee9   Thumb Code     0  d2f.o(x$fpl$d2f)
    _d2f                                     0x08002ee9   Thumb Code    98  d2f.o(x$fpl$d2f)
    __aeabi_dadd                             0x08002f4d   Thumb Code     0  daddsub_clz.o(x$fpl$dadd)
    _dadd                                    0x08002f4d   Thumb Code   332  daddsub_clz.o(x$fpl$dadd)
    __aeabi_ddiv                             0x0800309d   Thumb Code     0  ddiv.o(x$fpl$ddiv)
    _ddiv                                    0x0800309d   Thumb Code   552  ddiv.o(x$fpl$ddiv)
    __aeabi_d2uiz                            0x0800334d   Thumb Code     0  dfixu.o(x$fpl$dfixu)
    _dfixu                                   0x0800334d   Thumb Code    90  dfixu.o(x$fpl$dfixu)
    __aeabi_dmul                             0x080033a9   Thumb Code     0  dmul.o(x$fpl$dmul)
    _dmul                                    0x080033a9   Thumb Code   332  dmul.o(x$fpl$dmul)
    __fpl_dnaninf                            0x080034fd   Thumb Code   156  dnaninf.o(x$fpl$dnaninf)
    __fpl_dretinf                            0x08003599   Thumb Code    12  dretinf.o(x$fpl$dretinf)
    __aeabi_drsub                            0x080035a5   Thumb Code     0  daddsub_clz.o(x$fpl$drsb)
    _drsb                                    0x080035a5   Thumb Code    22  daddsub_clz.o(x$fpl$drsb)
    __aeabi_dsub                             0x080035bd   Thumb Code     0  daddsub_clz.o(x$fpl$dsub)
    _dsub                                    0x080035bd   Thumb Code   464  daddsub_clz.o(x$fpl$dsub)
    __aeabi_f2d                              0x08003791   Thumb Code     0  f2d.o(x$fpl$f2d)
    _f2d                                     0x08003791   Thumb Code    86  f2d.o(x$fpl$f2d)
    __aeabi_fadd                             0x080037e9   Thumb Code     0  faddsub_clz.o(x$fpl$fadd)
    _fadd                                    0x080037e9   Thumb Code   196  faddsub_clz.o(x$fpl$fadd)
    __fpl_fcmp_Inf                           0x080038ad   Thumb Code    24  fcmpi.o(x$fpl$fcmpinf)
    __aeabi_fdiv                             0x080038c5   Thumb Code     0  fdiv.o(x$fpl$fdiv)
    _fdiv                                    0x080038c5   Thumb Code   384  fdiv.o(x$fpl$fdiv)
    __aeabi_cfcmpeq                          0x08003a49   Thumb Code     0  feqf.o(x$fpl$feqf)
    _fcmpeq                                  0x08003a49   Thumb Code   104  feqf.o(x$fpl$feqf)
    __aeabi_f2uiz                            0x08003ab1   Thumb Code     0  ffixu.o(x$fpl$ffixu)
    _ffixu                                   0x08003ab1   Thumb Code    62  ffixu.o(x$fpl$ffixu)
    __aeabi_i2f                              0x08003af1   Thumb Code     0  fflt_clz.o(x$fpl$fflt)
    _fflt                                    0x08003af1   Thumb Code    48  fflt_clz.o(x$fpl$fflt)
    __aeabi_cfcmple                          0x08003b21   Thumb Code     0  fleqf.o(x$fpl$fleqf)
    _fcmple                                  0x08003b21   Thumb Code   104  fleqf.o(x$fpl$fleqf)
    __fpl_fcmple_InfNaN                      0x08003b73   Thumb Code     0  fleqf.o(x$fpl$fleqf)
    __aeabi_fmul                             0x08003b89   Thumb Code     0  fmul.o(x$fpl$fmul)
    _fmul                                    0x08003b89   Thumb Code   258  fmul.o(x$fpl$fmul)
    __fpl_fnaninf                            0x08003c8b   Thumb Code   140  fnaninf.o(x$fpl$fnaninf)
    __fpl_fretinf                            0x08003d17   Thumb Code    10  fretinf.o(x$fpl$fretinf)
    __aeabi_cfrcmple                         0x08003d21   Thumb Code     0  frleqf.o(x$fpl$frleqf)
    _frcmple                                 0x08003d21   Thumb Code    98  frleqf.o(x$fpl$frleqf)
    __aeabi_fsub                             0x08003d85   Thumb Code     0  faddsub_clz.o(x$fpl$fsub)
    _fsub                                    0x08003d85   Thumb Code   234  faddsub_clz.o(x$fpl$fsub)
    _printf_fp_dec                           0x08003e6f   Thumb Code     4  printf1.o(x$fpl$printf1)
    __I$use$fp                               0x08003e72   Number         0  usenofp.o(x$fpl$usenofp)
    Region$$Table$$Base                      0x08003f08   Number         0  anon$$obj.o(Region$$Table)
    Region$$Table$$Limit                     0x08003f28   Number         0  anon$$obj.o(Region$$Table)
    adc_x                                    0x20000000   Data           4  main.o(.data)
    adc_y                                    0x20000004   Data           4  main.o(.data)
    adc_z                                    0x20000008   Data           4  main.o(.data)
    i                                        0x2000000c   Data           4  main.o(.data)
    buf_clear                                0x20000010   Data           6  main.o(.data)
    flagX                                    0x20000018   Data           4  main.o(.data)
    flagY                                    0x2000001c   Data           4  main.o(.data)
    flagZ                                    0x20000020   Data           4  main.o(.data)
    SystemCoreClock                          0x20000024   Data           4  system_stm32f10x.o(.data)
    AHBPrescTable                            0x20000028   Data          16  system_stm32f10x.o(.data)
    __stdout                                 0x20000050   Data           4  usart.o(.data)
    USART_RX_STA                             0x20000054   Data           2  usart.o(.data)
    USART1_Length                            0x20000056   Data           2  usart.o(.data)
    USART2_Length                            0x20000058   Data           2  usart.o(.data)
    Uart1_Rx                                 0x2000005c   Data         128  dma.o(.bss)
    Uart2_Rx                                 0x200000dc   Data         128  dma.o(.bss)
    Uart1_Send                               0x2000015c   Data         128  dma.o(.bss)
    Uart2_Send                               0x200001dc   Data         128  dma.o(.bss)
    AD_Value                                 0x2000025c   Data         180  dma.o(.bss)
    After_filter                             0x20000310   Data          12  adc.o(.bss)
    __libspace_start                         0x2000031c   Data          96  libspace.o(.bss)
    __temporary_stack_top$libspace           0x2000037c   Data           0  libspace.o(.bss)



==============================================================================

Memory Map of the image

  Image Entry point : 0x080000ed

  Load Region LR_IROM1 (Base: 0x08000000, Size: 0x00003fa0, Max: 0x00010000, ABSOLUTE)

    Execution Region ER_IROM1 (Base: 0x08000000, Size: 0x00003f44, Max: 0x00010000, ABSOLUTE)

    Base Addr    Size         Type   Attr      Idx    E Section Name        Object

    0x08000000   0x000000ec   Data   RO          390    RESET               startup_stm32f10x_md.o
    0x080000ec   0x00000008   Code   RO         1507  * !!!main             c_w.l(__main.o)
    0x080000f4   0x00000034   Code   RO         1776    !!!scatter          c_w.l(__scatter.o)
    0x08000128   0x0000001a   Code   RO         1778    !!handler_copy      c_w.l(__scatter_copy.o)
    0x08000142   0x00000002   PAD
    0x08000144   0x0000001c   Code   RO         1780    !!handler_zi        c_w.l(__scatter_zi.o)
    0x08000160   0x00000000   Code   RO         1502    .ARM.Collect$$_printf_percent$$00000000  c_w.l(_printf_percent.o)
    0x08000160   0x00000006   Code   RO         1501    .ARM.Collect$$_printf_percent$$00000003  c_w.l(_printf_f.o)
    0x08000166   0x00000006   Code   RO         1500    .ARM.Collect$$_printf_percent$$00000009  c_w.l(_printf_d.o)
    0x0800016c   0x00000004   Code   RO         1570    .ARM.Collect$$_printf_percent$$00000017  c_w.l(_printf_percent_end.o)
    0x08000170   0x00000002   Code   RO         1654    .ARM.Collect$$libinit$$00000000  c_w.l(libinit.o)
    0x08000172   0x00000000   Code   RO         1656    .ARM.Collect$$libinit$$00000002  c_w.l(libinit2.o)
    0x08000172   0x00000000   Code   RO         1658    .ARM.Collect$$libinit$$00000004  c_w.l(libinit2.o)
    0x08000172   0x00000000   Code   RO         1661    .ARM.Collect$$libinit$$0000000A  c_w.l(libinit2.o)
    0x08000172   0x00000000   Code   RO         1663    .ARM.Collect$$libinit$$0000000C  c_w.l(libinit2.o)
    0x08000172   0x00000000   Code   RO         1665    .ARM.Collect$$libinit$$0000000E  c_w.l(libinit2.o)
    0x08000172   0x00000006   Code   RO         1666    .ARM.Collect$$libinit$$0000000F  c_w.l(libinit2.o)
    0x08000178   0x00000000   Code   RO         1668    .ARM.Collect$$libinit$$00000011  c_w.l(libinit2.o)
    0x08000178   0x00000000   Code   RO         1670    .ARM.Collect$$libinit$$00000013  c_w.l(libinit2.o)
    0x08000178   0x00000000   Code   RO         1672    .ARM.Collect$$libinit$$00000015  c_w.l(libinit2.o)
    0x08000178   0x0000000a   Code   RO         1673    .ARM.Collect$$libinit$$00000016  c_w.l(libinit2.o)
    0x08000182   0x00000000   Code   RO         1674    .ARM.Collect$$libinit$$00000017  c_w.l(libinit2.o)
    0x08000182   0x00000000   Code   RO         1676    .ARM.Collect$$libinit$$00000019  c_w.l(libinit2.o)
    0x08000182   0x00000000   Code   RO         1678    .ARM.Collect$$libinit$$0000001B  c_w.l(libinit2.o)
    0x08000182   0x00000000   Code   RO         1680    .ARM.Collect$$libinit$$0000001D  c_w.l(libinit2.o)
    0x08000182   0x00000000   Code   RO         1682    .ARM.Collect$$libinit$$0000001F  c_w.l(libinit2.o)
    0x08000182   0x00000000   Code   RO         1684    .ARM.Collect$$libinit$$00000021  c_w.l(libinit2.o)
    0x08000182   0x00000000   Code   RO         1686    .ARM.Collect$$libinit$$00000023  c_w.l(libinit2.o)
    0x08000182   0x00000000   Code   RO         1688    .ARM.Collect$$libinit$$00000025  c_w.l(libinit2.o)
    0x08000182   0x00000000   Code   RO         1692    .ARM.Collect$$libinit$$0000002C  c_w.l(libinit2.o)
    0x08000182   0x00000000   Code   RO         1694    .ARM.Collect$$libinit$$0000002E  c_w.l(libinit2.o)
    0x08000182   0x00000000   Code   RO         1696    .ARM.Collect$$libinit$$00000030  c_w.l(libinit2.o)
    0x08000182   0x00000000   Code   RO         1698    .ARM.Collect$$libinit$$00000032  c_w.l(libinit2.o)
    0x08000182   0x00000002   Code   RO         1699    .ARM.Collect$$libinit$$00000033  c_w.l(libinit2.o)
    0x08000184   0x00000002   Code   RO         1727    .ARM.Collect$$libshutdown$$00000000  c_w.l(libshutdown.o)
    0x08000186   0x00000000   Code   RO         1737    .ARM.Collect$$libshutdown$$00000003  c_w.l(libshutdown2.o)
    0x08000186   0x00000000   Code   RO         1740    .ARM.Collect$$libshutdown$$00000006  c_w.l(libshutdown2.o)
    0x08000186   0x00000000   Code   RO         1743    .ARM.Collect$$libshutdown$$00000009  c_w.l(libshutdown2.o)
    0x08000186   0x00000000   Code   RO         1745    .ARM.Collect$$libshutdown$$0000000B  c_w.l(libshutdown2.o)
    0x08000186   0x00000000   Code   RO         1748    .ARM.Collect$$libshutdown$$0000000E  c_w.l(libshutdown2.o)
    0x08000186   0x00000002   Code   RO         1749    .ARM.Collect$$libshutdown$$0000000F  c_w.l(libshutdown2.o)
    0x08000188   0x00000000   Code   RO         1561    .ARM.Collect$$rtentry$$00000000  c_w.l(__rtentry.o)
    0x08000188   0x00000000   Code   RO         1583    .ARM.Collect$$rtentry$$00000002  c_w.l(__rtentry2.o)
    0x08000188   0x00000006   Code   RO         1595    .ARM.Collect$$rtentry$$00000004  c_w.l(__rtentry4.o)
    0x0800018e   0x00000000   Code   RO         1585    .ARM.Collect$$rtentry$$00000009  c_w.l(__rtentry2.o)
    0x0800018e   0x00000004   Code   RO         1586    .ARM.Collect$$rtentry$$0000000A  c_w.l(__rtentry2.o)
    0x08000192   0x00000000   Code   RO         1588    .ARM.Collect$$rtentry$$0000000C  c_w.l(__rtentry2.o)
    0x08000192   0x00000008   Code   RO         1589    .ARM.Collect$$rtentry$$0000000D  c_w.l(__rtentry2.o)
    0x0800019a   0x00000002   Code   RO         1700    .ARM.Collect$$rtexit$$00000000  c_w.l(rtexit.o)
    0x0800019c   0x00000000   Code   RO         1707    .ARM.Collect$$rtexit$$00000002  c_w.l(rtexit2.o)
    0x0800019c   0x00000004   Code   RO         1708    .ARM.Collect$$rtexit$$00000003  c_w.l(rtexit2.o)
    0x080001a0   0x00000006   Code   RO         1709    .ARM.Collect$$rtexit$$00000004  c_w.l(rtexit2.o)
    0x080001a6   0x00000002   PAD
    0x080001a8   0x00000040   Code   RO          391    .text               startup_stm32f10x_md.o
    0x080001e8   0x00000002   Code   RO         1468    .text               c_w.l(use_no_semi_2.o)
    0x080001ea   0x00000002   PAD
    0x080001ec   0x00000028   Code   RO         1472    .text               c_w.l(noretval__2sprintf.o)
    0x08000214   0x0000004e   Code   RO         1476    .text               c_w.l(_printf_pad.o)
    0x08000262   0x00000002   PAD
    0x08000264   0x00000078   Code   RO         1478    .text               c_w.l(_printf_dec.o)
    0x080002dc   0x0000010e   Code   RO         1488    .text               c_w.l(__printf_wp.o)
    0x080003ea   0x0000003e   Code   RO         1503    .text               c_w.l(strlen.o)
    0x08000428   0x00000006   Code   RO         1505    .text               c_w.l(heapauxi.o)
    0x0800042e   0x00000002   Code   RO         1559    .text               c_w.l(use_no_semi.o)
    0x08000430   0x000000b2   Code   RO         1562    .text               c_w.l(_printf_intcommon.o)
    0x080004e2   0x0000041a   Code   RO         1564    .text               c_w.l(_printf_fp_dec.o)
    0x080008fc   0x00000030   Code   RO         1566    .text               c_w.l(_printf_char_common.o)
    0x0800092c   0x0000000a   Code   RO         1568    .text               c_w.l(_sputc.o)
    0x08000936   0x00000002   PAD
    0x08000938   0x00000008   Code   RO         1600    .text               c_w.l(rt_locale_intlibspace.o)
    0x08000940   0x0000008a   Code   RO         1602    .text               c_w.l(lludiv10.o)
    0x080009ca   0x00000002   PAD
    0x080009cc   0x00000080   Code   RO         1604    .text               c_w.l(_printf_fp_infnan.o)
    0x08000a4c   0x000000dc   Code   RO         1608    .text               c_w.l(bigflt0.o)
    0x08000b28   0x00000008   Code   RO         1640    .text               c_w.l(libspace.o)
    0x08000b30   0x0000004a   Code   RO         1643    .text               c_w.l(sys_stackheap_outer.o)
    0x08000b7a   0x0000000c   Code   RO         1645    .text               c_w.l(exit.o)
    0x08000b86   0x00000002   PAD
    0x08000b88   0x00000080   Code   RO         1647    .text               c_w.l(strcmpv7m.o)
    0x08000c08   0x0000003e   Code   RO         1611    CL$$btod_d2e        c_w.l(btod.o)
    0x08000c46   0x00000046   Code   RO         1613    CL$$btod_d2e_denorm_low  c_w.l(btod.o)
    0x08000c8c   0x00000060   Code   RO         1612    CL$$btod_d2e_norm_op1  c_w.l(btod.o)
    0x08000cec   0x00000338   Code   RO         1621    CL$$btod_div_common  c_w.l(btod.o)
    0x08001024   0x000000c6   Code   RO         1618    CL$$btod_e2e        c_w.l(btod.o)
    0x080010ea   0x00000028   Code   RO         1615    CL$$btod_ediv       c_w.l(btod.o)
    0x08001112   0x00000028   Code   RO         1614    CL$$btod_emul       c_w.l(btod.o)
    0x0800113a   0x00000244   Code   RO         1620    CL$$btod_mult_common  c_w.l(btod.o)
    0x0800137e   0x00000002   PAD
    0x08001380   0x000000d0   Code   RO          343    i.ADC1_Configuration  adc.o
    0x08001450   0x00000016   Code   RO         1003    i.ADC_Cmd           stm32f10x_adc.o
    0x08001466   0x00000016   Code   RO         1004    i.ADC_DMACmd        stm32f10x_adc.o
    0x0800147c   0x0000005c   Code   RO         1005    i.ADC_DeInit        stm32f10x_adc.o
    0x080014d8   0x00000014   Code   RO         1011    i.ADC_GetCalibrationStatus  stm32f10x_adc.o
    0x080014ec   0x00000014   Code   RO         1017    i.ADC_GetResetCalibrationStatus  stm32f10x_adc.o
    0x08001500   0x00000050   Code   RO         1021    i.ADC_Init          stm32f10x_adc.o
    0x08001550   0x000000b8   Code   RO         1025    i.ADC_RegularChannelConfig  stm32f10x_adc.o
    0x08001608   0x0000000a   Code   RO         1026    i.ADC_ResetCalibration  stm32f10x_adc.o
    0x08001612   0x00000016   Code   RO         1028    i.ADC_SoftwareStartConvCmd  stm32f10x_adc.o
    0x08001628   0x0000000a   Code   RO         1030    i.ADC_StartCalibration  stm32f10x_adc.o
    0x08001632   0x00000002   PAD
    0x08001634   0x00000024   Code   RO         1032    i.ADC_TempSensorVrefintCmd  stm32f10x_adc.o
    0x08001658   0x00000004   Code   RO          160    i.BusFault_Handler  stm32f10x_it.o
    0x0800165c   0x00000016   Code   RO          344    i.DMA1_Channel1_IRQHandler  adc.o
    0x08001672   0x00000002   PAD
    0x08001674   0x00000024   Code   RO          289    i.DMA1_Channel4_IRQHandler  dma.o
    0x08001698   0x00000024   Code   RO          290    i.DMA1_Channel7_IRQHandler  dma.o
    0x080016bc   0x00000060   Code   RO          291    i.DMA_ADC_Configuration  dma.o
    0x0800171c   0x0000001c   Code   RO          926    i.DMA_ClearITPendingBit  stm32f10x_dma.o
    0x08001738   0x00000018   Code   RO          927    i.DMA_Cmd           stm32f10x_dma.o
    0x08001750   0x0000014c   Code   RO          928    i.DMA_DeInit        stm32f10x_dma.o
    0x0800189c   0x00000008   Code   RO          929    i.DMA_GetCurrDataCounter  stm32f10x_dma.o
    0x080018a4   0x0000002c   Code   RO          931    i.DMA_GetITStatus   stm32f10x_dma.o
    0x080018d0   0x00000012   Code   RO          932    i.DMA_ITConfig      stm32f10x_dma.o
    0x080018e2   0x0000003c   Code   RO          933    i.DMA_Init          stm32f10x_dma.o
    0x0800191e   0x00000004   Code   RO          934    i.DMA_SetCurrDataCounter  stm32f10x_dma.o
    0x08001922   0x00000002   PAD
    0x08001924   0x000000cc   Code   RO          292    i.DMA_USART1_Configuration  dma.o
    0x080019f0   0x000000c8   Code   RO          293    i.DMA_USART2_Configuration  dma.o
    0x08001ab8   0x00000002   Code   RO          161    i.DebugMon_Handler  stm32f10x_it.o
    0x08001aba   0x00000116   Code   RO          437    i.GPIO_Init         stm32f10x_gpio.o
    0x08001bd0   0x00000090   Code   RO          439    i.GPIO_PinRemapConfig  stm32f10x_gpio.o
    0x08001c60   0x00000004   Code   RO          162    i.HardFault_Handler  stm32f10x_it.o
    0x08001c64   0x0000007c   Code   RO          251    i.Init_LEDpin       led.o
    0x08001ce0   0x00000004   Code   RO          163    i.MemManage_Handler  stm32f10x_it.o
    0x08001ce4   0x00000002   Code   RO          164    i.NMI_Handler       stm32f10x_it.o
    0x08001ce6   0x00000064   Code   RO         1400    i.NVIC_Configuration  sys.o
    0x08001d4a   0x00000002   PAD
    0x08001d4c   0x00000070   Code   RO          395    i.NVIC_Init         misc.o
    0x08001dbc   0x00000014   Code   RO          396    i.NVIC_PriorityGroupConfig  misc.o
    0x08001dd0   0x00000002   Code   RO          165    i.PendSV_Handler    stm32f10x_it.o
    0x08001dd2   0x00000002   PAD
    0x08001dd4   0x00000018   Code   RO          545    i.RCC_ADCCLKConfig  stm32f10x_rcc.o
    0x08001dec   0x00000020   Code   RO          546    i.RCC_AHBPeriphClockCmd  stm32f10x_rcc.o
    0x08001e0c   0x00000020   Code   RO          547    i.RCC_APB1PeriphClockCmd  stm32f10x_rcc.o
    0x08001e2c   0x00000020   Code   RO          549    i.RCC_APB2PeriphClockCmd  stm32f10x_rcc.o
    0x08001e4c   0x00000020   Code   RO          550    i.RCC_APB2PeriphResetCmd  stm32f10x_rcc.o
    0x08001e6c   0x000000d4   Code   RO          557    i.RCC_GetClocksFreq  stm32f10x_rcc.o
    0x08001f40   0x00000002   Code   RO          166    i.SVC_Handler       stm32f10x_it.o
    0x08001f42   0x00000008   Code   RO          217    i.SetSysClock       system_stm32f10x.o
    0x08001f4a   0x00000002   PAD
    0x08001f4c   0x000000e0   Code   RO          218    i.SetSysClockTo72   system_stm32f10x.o
    0x0800202c   0x00000028   Code   RO          399    i.SysTick_CLKSourceConfig  misc.o
    0x08002054   0x00000060   Code   RO          220    i.SystemInit        system_stm32f10x.o
    0x080020b4   0x00000054   Code   RO         1412    i.USART1_IRQHandler  usart.o
    0x08002108   0x00000054   Code   RO         1413    i.USART2_IRQHandler  usart.o
    0x0800215c   0x00000018   Code   RO          749    i.USART_Cmd         stm32f10x_usart.o
    0x08002174   0x00000012   Code   RO          750    i.USART_DMACmd      stm32f10x_usart.o
    0x08002186   0x0000001a   Code   RO          752    i.USART_GetFlagStatus  stm32f10x_usart.o
    0x080021a0   0x00000054   Code   RO          753    i.USART_GetITStatus  stm32f10x_usart.o
    0x080021f4   0x0000004a   Code   RO          755    i.USART_ITConfig    stm32f10x_usart.o
    0x0800223e   0x00000002   PAD
    0x08002240   0x000000d8   Code   RO          756    i.USART_Init        stm32f10x_usart.o
    0x08002318   0x00000008   Code   RO          766    i.USART_SendData    stm32f10x_usart.o
    0x08002320   0x0000001c   Code   RO          294    i.Uart1_Start_DMA_Tx  dma.o
    0x0800233c   0x00000004   Code   RO          167    i.UsageFault_Handler  stm32f10x_it.o
    0x08002340   0x00000028   Code   RO         1638    i.__ARM_fpclassify  m_ws.l(fpclassify.o)
    0x08002368   0x0000000e   Code   RO         1490    i._is_digit         c_w.l(__printf_wp.o)
    0x08002376   0x00000006   Code   RO         1414    i._sys_exit         usart.o
    0x0800237c   0x00000044   Code   RO         1374    i.delay_init        delay.o
    0x080023c0   0x0000004c   Code   RO         1375    i.delay_ms          delay.o
    0x0800240c   0x00000050   Code   RO          345    i.filter            adc.o
    0x0800245c   0x00000078   Code   RO            2    i.main              main.o
    0x080024d4   0x00000044   Code   RO            3    i.send              main.o
    0x08002518   0x0000005c   Code   RO            4    i.send_str          main.o
    0x08002574   0x000000b8   Code   RO         1416    i.uart1_init        usart.o
    0x0800262c   0x000000a8   Code   RO         1417    i.uart2_init        usart.o
    0x080026d4   0x000007e8   Code   RO            5    i.yaogan_fenxi      main.o
    0x08002ebc   0x0000002c   Code   RO         1634    locale$$code        c_w.l(lc_numeric_c.o)
    0x08002ee8   0x00000062   Code   RO         1509    x$fpl$d2f           fz_ws.l(d2f.o)
    0x08002f4a   0x00000002   PAD
    0x08002f4c   0x00000150   Code   RO         1511    x$fpl$dadd          fz_ws.l(daddsub_clz.o)
    0x0800309c   0x000002b0   Code   RO         1518    x$fpl$ddiv          fz_ws.l(ddiv.o)
    0x0800334c   0x0000005a   Code   RO         1521    x$fpl$dfixu         fz_ws.l(dfixu.o)
    0x080033a6   0x00000002   PAD
    0x080033a8   0x00000154   Code   RO         1525    x$fpl$dmul          fz_ws.l(dmul.o)
    0x080034fc   0x0000009c   Code   RO         1571    x$fpl$dnaninf       fz_ws.l(dnaninf.o)
    0x08003598   0x0000000c   Code   RO         1573    x$fpl$dretinf       fz_ws.l(dretinf.o)
    0x080035a4   0x00000016   Code   RO         1512    x$fpl$drsb          fz_ws.l(daddsub_clz.o)
    0x080035ba   0x00000002   PAD
    0x080035bc   0x000001d4   Code   RO         1513    x$fpl$dsub          fz_ws.l(daddsub_clz.o)
    0x08003790   0x00000056   Code   RO         1527    x$fpl$f2d           fz_ws.l(f2d.o)
    0x080037e6   0x00000002   PAD
    0x080037e8   0x000000c4   Code   RO         1529    x$fpl$fadd          fz_ws.l(faddsub_clz.o)
    0x080038ac   0x00000018   Code   RO         1575    x$fpl$fcmpinf       fz_ws.l(fcmpi.o)
    0x080038c4   0x00000184   Code   RO         1536    x$fpl$fdiv          fz_ws.l(fdiv.o)
    0x08003a48   0x00000068   Code   RO         1539    x$fpl$feqf          fz_ws.l(feqf.o)
    0x08003ab0   0x0000003e   Code   RO         1541    x$fpl$ffixu         fz_ws.l(ffixu.o)
    0x08003aee   0x00000002   PAD
    0x08003af0   0x00000030   Code   RO         1546    x$fpl$fflt          fz_ws.l(fflt_clz.o)
    0x08003b20   0x00000068   Code   RO         1551    x$fpl$fleqf         fz_ws.l(fleqf.o)
    0x08003b88   0x00000102   Code   RO         1553    x$fpl$fmul          fz_ws.l(fmul.o)
    0x08003c8a   0x0000008c   Code   RO         1577    x$fpl$fnaninf       fz_ws.l(fnaninf.o)
    0x08003d16   0x0000000a   Code   RO         1579    x$fpl$fretinf       fz_ws.l(fretinf.o)
    0x08003d20   0x00000062   Code   RO         1555    x$fpl$frleqf        fz_ws.l(frleqf.o)
    0x08003d82   0x00000002   PAD
    0x08003d84   0x000000ea   Code   RO         1531    x$fpl$fsub          fz_ws.l(faddsub_clz.o)
    0x08003e6e   0x00000004   Code   RO         1557    x$fpl$printf1       fz_ws.l(printf1.o)
    0x08003e72   0x00000000   Code   RO         1581    x$fpl$usenofp       fz_ws.l(usenofp.o)
    0x08003e72   0x00000002   PAD
    0x08003e74   0x00000094   Data   RO         1609    .constdata          c_w.l(bigflt0.o)
    0x08003f08   0x00000020   Data   RO         1774    Region$$Table       anon$$obj.o
    0x08003f28   0x0000001c   Data   RO         1633    locale$$data        c_w.l(lc_numeric_c.o)


    Execution Region RW_IRAM1 (Base: 0x20000000, Size: 0x00000980, Max: 0x00005000, ABSOLUTE)

    Base Addr    Size         Type   Attr      Idx    E Section Name        Object

    0x20000000   0x00000024   Data   RW            6    .data               main.o
    0x20000024   0x00000014   Data   RW          221    .data               system_stm32f10x.o
    0x20000038   0x00000014   Data   RW          577    .data               stm32f10x_rcc.o
    0x2000004c   0x00000004   Data   RW         1377    .data               delay.o
    0x20000050   0x0000000a   Data   RW         1419    .data               usart.o
    0x2000005a   0x00000002   PAD
    0x2000005c   0x000002b4   Zero   RW          296    .bss                dma.o
    0x20000310   0x0000000c   Zero   RW          346    .bss                adc.o
    0x2000031c   0x00000060   Zero   RW         1641    .bss                c_w.l(libspace.o)
    0x2000037c   0x00000004   PAD
    0x20000380   0x00000200   Zero   RW          389    HEAP                startup_stm32f10x_md.o
    0x20000580   0x00000400   Zero   RW          388    STACK               startup_stm32f10x_md.o


==============================================================================

Image component sizes


      Code (inc. data)   RO Data    RW Data    ZI Data      Debug   Object Name

       310         18          0          0         12       2060   adc.o
         0          0          0          0          0         32   core_cm3.o
       144         22          0          4          0       1080   delay.o
       600         64          0          0        692       3868   dma.o
       124         12          0          0          0     212802   led.o
      2304        310          0         36          0     242514   main.o
       172         22          0          0          0       1881   misc.o
        64         26        236          0       1536        764   startup_stm32f10x_md.o
       518         30          0          0          0       7913   stm32f10x_adc.o
       518         26          0          0          0       5853   stm32f10x_dma.o
       422          6          0          0          0       2642   stm32f10x_gpio.o
        24          0          0          0          0       3024   stm32f10x_it.o
       364         50          0         20          0       5770   stm32f10x_rcc.o
       450          6          0          0          0       5812   stm32f10x_usart.o
       100          0          0          0          0        513   sys.o
       328         28          0         20          0       1917   system_stm32f10x.o
       526         44          0         10          0       4498   usart.o

    ----------------------------------------------------------------------
      6982        664        268         92       2240     502943   Object Totals
         0          0         32          0          0          0   (incl. Generated)
        14          0          0          2          0          0   (incl. Padding)

    ----------------------------------------------------------------------

      Code (inc. data)   RO Data    RW Data    ZI Data      Debug   Library Member Name

         8          0          0          0          0         68   __main.o
       284          0          0          0          0        156   __printf_wp.o
         0          0          0          0          0          0   __rtentry.o
        12          0          0          0          0          0   __rtentry2.o
         6          0          0          0          0          0   __rtentry4.o
        52          8          0          0          0          0   __scatter.o
        26          0          0          0          0          0   __scatter_copy.o
        28          0          0          0          0          0   __scatter_zi.o
        48          6          0          0          0         96   _printf_char_common.o
         6          0          0          0          0          0   _printf_d.o
       120         16          0          0          0         92   _printf_dec.o
         6          0          0          0          0          0   _printf_f.o
      1050          0          0          0          0        216   _printf_fp_dec.o
       128         16          0          0          0         84   _printf_fp_infnan.o
       178          0          0          0          0         88   _printf_intcommon.o
        78          0          0          0          0        108   _printf_pad.o
         0          0          0          0          0          0   _printf_percent.o
         4          0          0          0          0          0   _printf_percent_end.o
        10          0          0          0          0         68   _sputc.o
       220          4        148          0          0         96   bigflt0.o
      1910        128          0          0          0        672   btod.o
        12          0          0          0          0         72   exit.o
         6          0          0          0          0        152   heapauxi.o
        44         10         28          0          0         76   lc_numeric_c.o
         2          0          0          0          0          0   libinit.o
        18          0          0          0          0          0   libinit2.o
         2          0          0          0          0          0   libshutdown.o
         2          0          0          0          0          0   libshutdown2.o
         8          4          0          0         96         68   libspace.o
       138          0          0          0          0         80   lludiv10.o
        40          6          0          0          0         84   noretval__2sprintf.o
         8          4          0          0          0         68   rt_locale_intlibspace.o
         2          0          0          0          0          0   rtexit.o
        10          0          0          0          0          0   rtexit2.o
       128          0          0          0          0         68   strcmpv7m.o
        62          0          0          0          0         76   strlen.o
        74          0          0          0          0         80   sys_stackheap_outer.o
         2          0          0          0          0         68   use_no_semi.o
         2          0          0          0          0         68   use_no_semi_2.o
        98          4          0          0          0         92   d2f.o
       826         16          0          0          0        348   daddsub_clz.o
       688        140          0          0          0        208   ddiv.o
        90          4          0          0          0         92   dfixu.o
       340         12          0          0          0        104   dmul.o
       156          4          0          0          0         92   dnaninf.o
        12          0          0          0          0         68   dretinf.o
        86          4          0          0          0         84   f2d.o
       430          8          0          0          0        168   faddsub_clz.o
        24          0          0          0          0         68   fcmpi.o
       388         76          0          0          0         96   fdiv.o
       104          4          0          0          0         84   feqf.o
        62          4          0          0          0         84   ffixu.o
        48          0          0          0          0         68   fflt_clz.o
       104          4          0          0          0         84   fleqf.o
       258          4          0          0          0         84   fmul.o
       140          4          0          0          0         84   fnaninf.o
        10          0          0          0          0         68   fretinf.o
        98          0          0          0          0         68   frleqf.o
         4          0          0          0          0         68   printf1.o
         0          0          0          0          0          0   usenofp.o
        40          0          0          0          0         68   fpclassify.o

    ----------------------------------------------------------------------
      8770        490        176          0        100       4884   Library Totals
        30          0          0          0          4          0   (incl. Padding)

    ----------------------------------------------------------------------

      Code (inc. data)   RO Data    RW Data    ZI Data      Debug   Library Name

      4734        202        176          0         96       2704   c_w.l
      3966        288          0          0          0       2112   fz_ws.l
        40          0          0          0          0         68   m_ws.l

    ----------------------------------------------------------------------
      8770        490        176          0        100       4884   Library Totals

    ----------------------------------------------------------------------

==============================================================================


      Code (inc. data)   RO Data    RW Data    ZI Data      Debug   

     15752       1154        444         92       2340     501687   Grand Totals
     15752       1154        444         92       2340     501687   ELF Image Totals
     15752       1154        444         92          0          0   ROM Totals

==============================================================================

    Total RO  Size (Code + RO Data)                16196 (  15.82kB)
    Total RW  Size (RW Data + ZI Data)              2432 (   2.38kB)
    Total ROM Size (Code + RO Data + RW Data)      16288 (  15.91kB)

==============================================================================

